Archive member included to satisfy reference by file (symbol)

e:/stm32/stm32cubeide_1.7.0/stm32cubeide/plugins/com.st.stm32cube.ide.mcu.externaltools.gnu-tools-for-stm32.9-2020-q2-update.win32_2.0.0.202105311346/tools/bin/../lib/gcc/arm-none-eabi/9.3.1/../../../../arm-none-eabi/lib/thumb/v7-m/nofp\libc_nano.a(lib_a-errno.o)
                              ./Core/Src/syscalls.o (__errno)
e:/stm32/stm32cubeide_1.7.0/stm32cubeide/plugins/com.st.stm32cube.ide.mcu.externaltools.gnu-tools-for-stm32.9-2020-q2-update.win32_2.0.0.202105311346/tools/bin/../lib/gcc/arm-none-eabi/9.3.1/../../../../arm-none-eabi/lib/thumb/v7-m/nofp\libc_nano.a(lib_a-exit.o)
                              e:/stm32/stm32cubeide_1.7.0/stm32cubeide/plugins/com.st.stm32cube.ide.mcu.externaltools.gnu-tools-for-stm32.9-2020-q2-update.win32_2.0.0.202105311346/tools/bin/../lib/gcc/arm-none-eabi/9.3.1/../../../../arm-none-eabi/lib/thumb/v7-m/nofp/crt0.o (exit)
e:/stm32/stm32cubeide_1.7.0/stm32cubeide/plugins/com.st.stm32cube.ide.mcu.externaltools.gnu-tools-for-stm32.9-2020-q2-update.win32_2.0.0.202105311346/tools/bin/../lib/gcc/arm-none-eabi/9.3.1/../../../../arm-none-eabi/lib/thumb/v7-m/nofp\libc_nano.a(lib_a-impure.o)
                              e:/stm32/stm32cubeide_1.7.0/stm32cubeide/plugins/com.st.stm32cube.ide.mcu.externaltools.gnu-tools-for-stm32.9-2020-q2-update.win32_2.0.0.202105311346/tools/bin/../lib/gcc/arm-none-eabi/9.3.1/../../../../arm-none-eabi/lib/thumb/v7-m/nofp\libc_nano.a(lib_a-exit.o) (_global_impure_ptr)
e:/stm32/stm32cubeide_1.7.0/stm32cubeide/plugins/com.st.stm32cube.ide.mcu.externaltools.gnu-tools-for-stm32.9-2020-q2-update.win32_2.0.0.202105311346/tools/bin/../lib/gcc/arm-none-eabi/9.3.1/../../../../arm-none-eabi/lib/thumb/v7-m/nofp\libc_nano.a(lib_a-init.o)
                              e:/stm32/stm32cubeide_1.7.0/stm32cubeide/plugins/com.st.stm32cube.ide.mcu.externaltools.gnu-tools-for-stm32.9-2020-q2-update.win32_2.0.0.202105311346/tools/bin/../lib/gcc/arm-none-eabi/9.3.1/../../../../arm-none-eabi/lib/thumb/v7-m/nofp/crt0.o (__libc_init_array)
e:/stm32/stm32cubeide_1.7.0/stm32cubeide/plugins/com.st.stm32cube.ide.mcu.externaltools.gnu-tools-for-stm32.9-2020-q2-update.win32_2.0.0.202105311346/tools/bin/../lib/gcc/arm-none-eabi/9.3.1/../../../../arm-none-eabi/lib/thumb/v7-m/nofp\libc_nano.a(lib_a-memset.o)
                              e:/stm32/stm32cubeide_1.7.0/stm32cubeide/plugins/com.st.stm32cube.ide.mcu.externaltools.gnu-tools-for-stm32.9-2020-q2-update.win32_2.0.0.202105311346/tools/bin/../lib/gcc/arm-none-eabi/9.3.1/../../../../arm-none-eabi/lib/thumb/v7-m/nofp/crt0.o (memset)
e:/stm32/stm32cubeide_1.7.0/stm32cubeide/plugins/com.st.stm32cube.ide.mcu.externaltools.gnu-tools-for-stm32.9-2020-q2-update.win32_2.0.0.202105311346/tools/bin/../lib/gcc/arm-none-eabi/9.3.1/../../../../arm-none-eabi/lib/thumb/v7-m/nofp\libc_nano.a(lib_a-snprintf.o)
                              ./Core/Src/i2c-lcd.o (snprintf)
e:/stm32/stm32cubeide_1.7.0/stm32cubeide/plugins/com.st.stm32cube.ide.mcu.externaltools.gnu-tools-for-stm32.9-2020-q2-update.win32_2.0.0.202105311346/tools/bin/../lib/gcc/arm-none-eabi/9.3.1/../../../../arm-none-eabi/lib/thumb/v7-m/nofp\libc_nano.a(lib_a-nano-svfprintf.o)
                              e:/stm32/stm32cubeide_1.7.0/stm32cubeide/plugins/com.st.stm32cube.ide.mcu.externaltools.gnu-tools-for-stm32.9-2020-q2-update.win32_2.0.0.202105311346/tools/bin/../lib/gcc/arm-none-eabi/9.3.1/../../../../arm-none-eabi/lib/thumb/v7-m/nofp\libc_nano.a(lib_a-snprintf.o) (_svfprintf_r)
e:/stm32/stm32cubeide_1.7.0/stm32cubeide/plugins/com.st.stm32cube.ide.mcu.externaltools.gnu-tools-for-stm32.9-2020-q2-update.win32_2.0.0.202105311346/tools/bin/../lib/gcc/arm-none-eabi/9.3.1/../../../../arm-none-eabi/lib/thumb/v7-m/nofp\libc_nano.a(lib_a-nano-vfprintf_i.o)
                              e:/stm32/stm32cubeide_1.7.0/stm32cubeide/plugins/com.st.stm32cube.ide.mcu.externaltools.gnu-tools-for-stm32.9-2020-q2-update.win32_2.0.0.202105311346/tools/bin/../lib/gcc/arm-none-eabi/9.3.1/../../../../arm-none-eabi/lib/thumb/v7-m/nofp\libc_nano.a(lib_a-nano-svfprintf.o) (_printf_i)
e:/stm32/stm32cubeide_1.7.0/stm32cubeide/plugins/com.st.stm32cube.ide.mcu.externaltools.gnu-tools-for-stm32.9-2020-q2-update.win32_2.0.0.202105311346/tools/bin/../lib/gcc/arm-none-eabi/9.3.1/../../../../arm-none-eabi/lib/thumb/v7-m/nofp\libc_nano.a(lib_a-memchr-stub.o)
                              e:/stm32/stm32cubeide_1.7.0/stm32cubeide/plugins/com.st.stm32cube.ide.mcu.externaltools.gnu-tools-for-stm32.9-2020-q2-update.win32_2.0.0.202105311346/tools/bin/../lib/gcc/arm-none-eabi/9.3.1/../../../../arm-none-eabi/lib/thumb/v7-m/nofp\libc_nano.a(lib_a-nano-svfprintf.o) (memchr)
e:/stm32/stm32cubeide_1.7.0/stm32cubeide/plugins/com.st.stm32cube.ide.mcu.externaltools.gnu-tools-for-stm32.9-2020-q2-update.win32_2.0.0.202105311346/tools/bin/../lib/gcc/arm-none-eabi/9.3.1/../../../../arm-none-eabi/lib/thumb/v7-m/nofp\libc_nano.a(lib_a-memcpy-stub.o)
[...]
Memory Configuration

Name             Origin             Length             Attributes
RAM              0x0000000020000000 0x0000000000005000 xrw
FLASH            0x0000000008000000 0x0000000000020000 xr
*default*        0x0000000000000000 0xffffffffffffffff

Linker script and memory map

LOAD e:/stm32/stm32cubeide_1.7.0/stm32cubeide/plugins/com.st.stm32cube.ide.mcu.externaltools.gnu-tools-for-stm32.9-2020-q2-update.win32_2.0.0.202105311346/tools/bin/../lib/gcc/arm-none-eabi/9.3.1/thumb/v7-m/nofp/crti.o
LOAD e:/stm32/stm32cubeide_1.7.0/stm32cubeide/plugins/com.st.stm32cube.ide.mcu.externaltools.gnu-tools-for-stm32.9-2020-q2-update.win32_2.0.0.202105311346/tools/bin/../lib/gcc/arm-none-eabi/9.3.1/thumb/v7-m/nofp/crtbegin.o
LOAD e:/stm32/stm32cubeide_1.7.0/stm32cubeide/plugins/com.st.stm32cube.ide.mcu.externaltools.gnu-tools-for-stm32.9-2020-q2-update.win32_2.0.0.202105311346/tools/bin/../lib/gcc/arm-none-eabi/9.3.1/../../../../arm-none-eabi/lib/thumb/v7-m/nofp/crt0.o
LOAD ./Core/Src/7seg_led.o
LOAD ./Core/Src/button.o
LOAD ./Core/Src/fsm_auto_mode.o
LOAD ./Core/Src/fsm_manual.o
LOAD ./Core/Src/fsm_modify.o
LOAD ./Core/Src/global.o
LOAD ./Core/Src/i2c-lcd.o
LOAD ./Core/Src/main.o
LOAD ./Core/Src/scheduler.o
LOAD ./Core/Src/software_timer.o
LOAD ./Core/Src/stm32f1xx_hal_msp.o
LOAD ./Core/Src/stm32f1xx_it.o
LOAD ./Core/Src/syscalls.o
LOAD ./Core/Src/sysmem.o
LOAD ./Core/Src/system_stm32f1xx.o
LOAD ./Core/Src/traffic_light.o
LOAD ./Core/Startup/startup_stm32f103rbtx.o
LOAD ./Drivers/STM32F1xx_HAL_Driver/Src/stm32f1xx_hal.o
LOAD ./Drivers/STM32F1xx_HAL_Driver/Src/stm32f1xx_hal_cortex.o
LOAD ./Drivers/STM32F1xx_HAL_Driver/Src/stm32f1xx_hal_dma.o
LOAD ./Drivers/STM32F1xx_HAL_Driver/Src/stm32f1xx_hal_exti.o
LOAD ./Drivers/STM32F1xx_HAL_Driver/Src/stm32f1xx_hal_flash.o
LOAD ./Drivers/STM32F1xx_HAL_Driver/Src/stm32f1xx_hal_flash_ex.o
LOAD ./Drivers/STM32F1xx_HAL_Driver/Src/stm32f1xx_hal_gpio.o
LOAD ./Drivers/STM32F1xx_HAL_Driver/Src/stm32f1xx_hal_gpio_ex.o
LOAD ./Drivers/STM32F1xx_HAL_Driver/Src/stm32f1xx_hal_i2c.o
LOAD ./Drivers/STM32F1xx_HAL_Driver/Src/stm32f1xx_hal_pwr.o
LOAD ./Drivers/STM32F1xx_HAL_Driver/Src/stm32f1xx_hal_rcc.o
LOAD ./Drivers/STM32F1xx_HAL_Driver/Src/stm32f1xx_hal_rcc_ex.o
LOAD ./Drivers/STM32F1xx_HAL_Driver/Src/stm32f1xx_hal_tim.o
LOAD ./Drivers/STM32F1xx_HAL_Driver/Src/stm32f1xx_hal_tim_ex.o
LOAD ./Drivers/STM32F1xx_HAL_Driver/Src/stm32f1xx_hal_uart.o
START GROUP
LOAD e:/stm32/stm32cubeide_1.7.0/stm32cubeide/plugins/com.st.stm32cube.ide.mcu.externaltools.gnu-tools-for-stm32.9-2020-q2-update.win32_2.0.0.202105311346/tools/bin/../lib/gcc/arm-none-eabi/9.3.1/../../../../arm-none-eabi/lib/thumb/v7-m/nofp\libc_nano.a
LOAD e:/stm32/stm32cubeide_1.7.0/stm32cubeide/plugins/com.st.stm32cube.ide.mcu.externaltools.gnu-tools-for-stm32.9-2020-q2-update.win32_2.0.0.202105311346/tools/bin/../lib/gcc/arm-none-eabi/9.3.1/../../../../arm-none-eabi/lib/thumb/v7-m/nofp\libm.a
END GROUP
START GROUP
LOAD e:/stm32/stm32cubeide_1.7.0/stm32cubeide/plugins/com.st.stm32cube.ide.mcu.externaltools.gnu-tools-for-stm32.9-2020-q2-update.win32_2.0.0.202105311346/tools/bin/../lib/gcc/arm-none-eabi/9.3.1/thumb/v7-m/nofp\libgcc.a
LOAD e:/stm32/stm32cubeide_1.7.0/stm32cubeide/plugins/com.st.stm32cube.ide.mcu.externaltools.gnu-tools-for-stm32.9-2020-q2-update.win32_2.0.0.202105311346/tools/bin/../lib/gcc/arm-none-eabi/9.3.1/../../../../arm-none-eabi/lib/thumb/v7-m/nofp\libc_nano.a
END GROUP
START GROUP
LOAD e:/stm32/stm32cubeide_1.7.0/stm32cubeide/plugins/com.st.stm32cube.ide.mcu.externaltools.gnu-tools-for-stm32.9-2020-q2-update.win32_2.0.0.202105311346/tools/bin/../lib/gcc/arm-none-eabi/9.3.1/thumb/v7-m/nofp\libgcc.a
LOAD e:/stm32/stm32cubeide_1.7.0/stm32cubeide/plugins/com.st.stm32cube.ide.mcu.externaltools.gnu-tools-for-stm32.9-2020-q2-update.win32_2.0.0.202105311346/tools/bin/../lib/gcc/arm-none-eabi/9.3.1/../../../../arm-none-eabi/lib/thumb/v7-m/nofp\libc_nano.a
LOAD e:/stm32/stm32cubeide_1.7.0/stm32cubeide/plugins/com.st.stm32cube.ide.mcu.externaltools.gnu-tools-for-stm32.9-2020-q2-update.win32_2.0.0.202105311346/tools/bin/../lib/gcc/arm-none-eabi/9.3.1/../../../../arm-none-eabi/lib/thumb/v7-m/nofp\libnosys.a
END GROUP
START GROUP
LOAD e:/stm32/stm32cubeide_1.7.0/stm32cubeide/plugins/com.st.stm32cube.ide.mcu.externaltools.gnu-tools-for-stm32.9-2020-q2-update.win32_2.0.0.202105311346/tools/bin/../lib/gcc/arm-none-eabi/9.3.1/thumb/v7-m/nofp\libgcc.a
LOAD e:/stm32/stm32cubeide_1.7.0/stm32cubeide/plugins/com.st.stm32cube.ide.mcu.externaltools.gnu-tools-for-stm32.9-2020-q2-update.win32_2.0.0.202105311346/tools/bin/../lib/gcc/arm-none-eabi/9.3.1/../../../../arm-none-eabi/lib/thumb/v7-m/nofp\libc_nano.a
LOAD e:/stm32/stm32cubeide_1.7.0/stm32cubeide/plugins/com.st.stm32cube.ide.mcu.externaltools.gnu-tools-for-stm32.9-2020-q2-update.win32_2.0.0.202105311346/tools/bin/../lib/gcc/arm-none-eabi/9.3.1/../../../../arm-none-eabi/lib/thumb/v7-m/nofp\libnosys.a
END GROUP
LOAD e:/stm32/stm32cubeide_1.7.0/stm32cubeide/plugins/com.st.stm32cube.ide.mcu.externaltools.gnu-tools-for-stm32.9-2020-q2-update.win32_2.0.0.202105311346/tools/bin/../lib/gcc/arm-none-eabi/9.3.1/thumb/v7-m/nofp/crtend.o
LOAD e:/stm32/stm32cubeide_1.7.0/stm32cubeide/plugins/com.st.stm32cube.ide.mcu.externaltools.gnu-tools-for-stm32.9-2020-q2-update.win32_2.0.0.202105311346/tools/bin/../lib/gcc/arm-none-eabi/9.3.1/thumb/v7-m/nofp/crtn.o
                0x0000000020005000                _estack = (ORIGIN (RAM) + LENGTH (RAM))
                0x0000000000000200                _Min_Heap_Size = 0x200
                0x0000000000000400                _Min_Stack_Size = 0x400

.isr_vector     0x0000000008000000      0x10c
                0x0000000008000000                . = ALIGN (0x4)
 *(.isr_vector)
 .isr_vector    0x0000000008000000      0x10c ./Core/Startup/startup_stm32f103rbtx.o
                0x0000000008000000                g_pfnVectors
                0x000000000800010c                . = ALIGN (0x4)

.text           0x000000000800010c     0x646c
                0x000000000800010c                . = ALIGN (0x4)
 *(.text)
 .text          0x000000000800010c       0x40 e:/stm32/stm32cubeide_1.7.0/stm32cubeide/plugins/com.st.stm32cube.ide.mcu.externaltools.gnu-tools-for-stm32.9-2020-q2-update.win32_2.0.0.202105311346/tools/bin/../lib/gcc/arm-none-eabi/9.3.1/thumb/v7-m/nofp/crtbegin.o
 *(.text*)
 .text.isButtonPressed
                0x000000000800014c       0x48 ./Core/Src/button.o
                0x000000000800014c                isButtonPressed
 .text.isButtonLongPressed
                0x0000000008000194       0x48 ./Core/Src/button.o
                0x0000000008000194                isButtonLongPressed
 .text.getKeyInput
                0x00000000080001dc      0x20c ./Core/Src/button.o
                0x00000000080001dc                getKeyInput
 .text.fsm_automatic_run
                0x00000000080003e8      0x498 ./Core/Src/fsm_auto_mode.o
                0x00000000080003e8                fsm_automatic_run
 .text.fsm_manual_run
                0x0000000008000880      0x114 ./Core/Src/fsm_manual.o
                0x0000000008000880                fsm_manual_run
 .text.fsm_modify_run
                0x0000000008000994      0x24c ./Core/Src/fsm_modify.o
                0x0000000008000994                fsm_modify_run
 .text.display_lcd
                0x0000000008000be0       0x50 ./Core/Src/i2c-lcd.o
                0x0000000008000be0                display_lcd
 .text.lcd_send_cmd
                0x0000000008000c30       0x60 ./Core/Src/i2c-lcd.o
                0x0000000008000c30                lcd_send_cmd
 .text.lcd_send_data
                0x0000000008000c90       0x60 ./Core/Src/i2c-lcd.o
                0x0000000008000c90                lcd_send_data
 .text.lcd_init
                0x0000000008000cf0       0x5c ./Core/Src/i2c-lcd.o
                0x0000000008000cf0                lcd_init
 .text.lcd_send_string
                0x0000000008000d4c       0x2a ./Core/Src/i2c-lcd.o
                0x0000000008000d4c                lcd_send_string
 .text.lcd_goto_XY
                0x0000000008000d76       0x44 ./Core/Src/i2c-lcd.o
                0x0000000008000d76                lcd_goto_XY
 *fill*         0x0000000008000dba        0x2 
 .text.main     0x0000000008000dbc       0x78 ./Core/Src/main.o
                0x0000000008000dbc                main
 .text.SystemClock_Config
                0x0000000008000e34       0x80 ./Core/Src/main.o
                0x0000000008000e34                SystemClock_Config
 .text.MX_I2C1_Init
                0x0000000008000eb4       0x5c ./Core/Src/main.o
 .text.MX_TIM2_Init
                0x0000000008000f10       0x98 ./Core/Src/main.o
 .text.MX_USART2_UART_Init
                0x0000000008000fa8       0x54 ./Core/Src/main.o
 .text.MX_GPIO_Init
                0x0000000008000ffc      0x150 ./Core/Src/main.o
 .text.HAL_TIM_PeriodElapsedCallback
                0x000000000800114c       0x18 ./Core/Src/main.o
                0x000000000800114c                HAL_TIM_PeriodElapsedCallback
 .text.Error_Handler
                0x0000000008001164        0xa ./Core/Src/main.o
                0x0000000008001164                Error_Handler
 .text.SCH_Init
                0x000000000800116e       0x2a ./Core/Src/scheduler.o
                0x000000000800116e                SCH_Init
 .text.SCH_Add_Task
                0x0000000008001198       0xac ./Core/Src/scheduler.o
                0x0000000008001198                SCH_Add_Task
 .text.SCH_Update
                0x0000000008001244       0xc0 ./Core/Src/scheduler.o
                0x0000000008001244                SCH_Update
 .text.SCH_Dispatch_Tasks
                0x0000000008001304       0xa0 ./Core/Src/scheduler.o
                0x0000000008001304                SCH_Dispatch_Tasks
 .text.SCH_Delete_Tasks
                0x00000000080013a4      0x198 ./Core/Src/scheduler.o
                0x00000000080013a4                SCH_Delete_Tasks
 .text.setTimer
                0x000000000800153c       0x48 ./Core/Src/software_timer.o
                0x000000000800153c                setTimer
 .text.timerRun
                0x0000000008001584       0x60 ./Core/Src/software_timer.o
                0x0000000008001584                timerRun
 .text.HAL_MspInit
                0x00000000080015e4       0x64 ./Core/Src/stm32f1xx_hal_msp.o
                0x00000000080015e4                HAL_MspInit
 .text.HAL_I2C_MspInit
                0x0000000008001648       0xc0 ./Core/Src/stm32f1xx_hal_msp.o
                0x0000000008001648                HAL_I2C_MspInit
 .text.HAL_TIM_Base_MspInit
                0x0000000008001708       0x48 ./Core/Src/stm32f1xx_hal_msp.o
                0x0000000008001708                HAL_TIM_Base_MspInit
 .text.HAL_UART_MspInit
                0x0000000008001750       0x7c ./Core/Src/stm32f1xx_hal_msp.o
                0x0000000008001750                HAL_UART_MspInit
 .text.NMI_Handler
                0x00000000080017cc        0x6 ./Core/Src/stm32f1xx_it.o
                0x00000000080017cc                NMI_Handler
 .text.HardFault_Handler
                0x00000000080017d2        0x6 ./Core/Src/stm32f1xx_it.o
                0x00000000080017d2                HardFault_Handler
 .text.MemManage_Handler
                0x00000000080017d8        0x6 ./Core/Src/stm32f1xx_it.o
                0x00000000080017d8                MemManage_Handler
 .text.BusFault_Handler
                0x00000000080017de        0x6 ./Core/Src/stm32f1xx_it.o
                0x00000000080017de                BusFault_Handler
 .text.UsageFault_Handler
                0x00000000080017e4        0x6 ./Core/Src/stm32f1xx_it.o
                0x00000000080017e4                UsageFault_Handler
 .text.SVC_Handler
                0x00000000080017ea        0xc ./Core/Src/stm32f1xx_it.o
                0x00000000080017ea                SVC_Handler
 .text.DebugMon_Handler
                0x00000000080017f6        0xc ./Core/Src/stm32f1xx_it.o
                0x00000000080017f6                DebugMon_Handler
 .text.PendSV_Handler
                0x0000000008001802        0xc ./Core/Src/stm32f1xx_it.o
                0x0000000008001802                PendSV_Handler
 .text.SysTick_Handler
                0x000000000800180e        0xc ./Core/Src/stm32f1xx_it.o
                0x000000000800180e                SysTick_Handler
 *fill*         0x000000000800181a        0x2 
 .text.TIM2_IRQHandler
                0x000000000800181c       0x14 ./Core/Src/stm32f1xx_it.o
                0x000000000800181c                TIM2_IRQHandler
 .text.I2C1_EV_IRQHandler
                0x0000000008001830       0x14 ./Core/Src/stm32f1xx_it.o
                0x0000000008001830                I2C1_EV_IRQHandler
 .text.I2C1_ER_IRQHandler
                0x0000000008001844       0x14 ./Core/Src/stm32f1xx_it.o
                0x0000000008001844                I2C1_ER_IRQHandler
 .text.EXTI15_10_IRQHandler
                0x0000000008001858       0x10 ./Core/Src/stm32f1xx_it.o
                0x0000000008001858                EXTI15_10_IRQHandler
 .text._sbrk    0x0000000008001868       0x6c ./Core/Src/sysmem.o
                0x0000000008001868                _sbrk
 .text.SystemInit
                0x00000000080018d4        0xc ./Core/Src/system_stm32f1xx.o
                0x00000000080018d4                SystemInit
 .text.init     0x00000000080018e0       0x60 ./Core/Src/traffic_light.o
                0x00000000080018e0                init
 .text.auto_green_red
                0x0000000008001940       0xac ./Core/Src/traffic_light.o
                0x0000000008001940                auto_green_red
 .text.auto_amber_red
                0x00000000080019ec       0xac ./Core/Src/traffic_light.o
                0x00000000080019ec                auto_amber_red
 .text.auto_red_green
                0x0000000008001a98       0xac ./Core/Src/traffic_light.o
                0x0000000008001a98                auto_red_green
 .text.auto_red_amber
                0x0000000008001b44       0xac ./Core/Src/traffic_light.o
                0x0000000008001b44                auto_red_amber
 .text.modify_red_led
                0x0000000008001bf0       0x90 ./Core/Src/traffic_light.o
                0x0000000008001bf0                modify_red_led
 .text.modify_green_led
                0x0000000008001c80       0x90 ./Core/Src/traffic_light.o
                0x0000000008001c80                modify_green_led
 .text.modify_amber_led
                0x0000000008001d10       0x90 ./Core/Src/traffic_light.o
                0x0000000008001d10                modify_amber_led
 .text.clear_all_led
                0x0000000008001da0       0x6c ./Core/Src/traffic_light.o
                0x0000000008001da0                clear_all_led
 .text.manual_green_red
                0x0000000008001e0c       0x74 ./Core/Src/traffic_light.o
                0x0000000008001e0c                manual_green_red
 .text.manual_red_green
                0x0000000008001e80       0x74 ./Core/Src/traffic_light.o
                0x0000000008001e80                manual_red_green
 .text.Reset_Handler
                0x0000000008001ef4       0x48 ./Core/Startup/startup_stm32f103rbtx.o
                0x0000000008001ef4                Reset_Handler
 .text.Default_Handler
                0x0000000008001f3c        0x2 ./Core/Startup/startup_stm32f103rbtx.o
                0x0000000008001f3c                RTC_Alarm_IRQHandler
                0x0000000008001f3c                EXTI2_IRQHandler
                0x0000000008001f3c                TIM1_CC_IRQHandler
                0x0000000008001f3c                PVD_IRQHandler
                0x0000000008001f3c                EXTI3_IRQHandler
                0x0000000008001f3c                EXTI0_IRQHandler
                0x0000000008001f3c                I2C2_EV_IRQHandler
                0x0000000008001f3c                ADC1_2_IRQHandler
                0x0000000008001f3c                SPI1_IRQHandler
                0x0000000008001f3c                TAMPER_IRQHandler
                0x0000000008001f3c                DMA1_Channel4_IRQHandler
                0x0000000008001f3c                USART3_IRQHandler
                0x0000000008001f3c                RTC_IRQHandler
                0x0000000008001f3c                DMA1_Channel7_IRQHandler
                0x0000000008001f3c                CAN1_RX1_IRQHandler
                0x0000000008001f3c                TIM4_IRQHandler
                0x0000000008001f3c                DMA1_Channel6_IRQHandler
                0x0000000008001f3c                TIM3_IRQHandler
                0x0000000008001f3c                RCC_IRQHandler
                0x0000000008001f3c                TIM1_TRG_COM_IRQHandler
                0x0000000008001f3c                DMA1_Channel1_IRQHandler
                0x0000000008001f3c                Default_Handler
                0x0000000008001f3c                EXTI9_5_IRQHandler
                0x0000000008001f3c                SPI2_IRQHandler
                0x0000000008001f3c                DMA1_Channel5_IRQHandler
                0x0000000008001f3c                EXTI4_IRQHandler
                0x0000000008001f3c                USB_LP_CAN1_RX0_IRQHandler
                0x0000000008001f3c                USB_HP_CAN1_TX_IRQHandler
                0x0000000008001f3c                DMA1_Channel3_IRQHandler
                0x0000000008001f3c                TIM1_UP_IRQHandler
                0x0000000008001f3c                WWDG_IRQHandler
                0x0000000008001f3c                TIM1_BRK_IRQHandler
                0x0000000008001f3c                EXTI1_IRQHandler
                0x0000000008001f3c                USART2_IRQHandler
                0x0000000008001f3c                I2C2_ER_IRQHandler
                0x0000000008001f3c                DMA1_Channel2_IRQHandler
                0x0000000008001f3c                CAN1_SCE_IRQHandler
                0x0000000008001f3c                FLASH_IRQHandler
                0x0000000008001f3c                USART1_IRQHandler
                0x0000000008001f3c                USBWakeUp_IRQHandler
 *fill*         0x0000000008001f3e        0x2 
 .text.HAL_Init
                0x0000000008001f40       0x2c ./Drivers/STM32F1xx_HAL_Driver/Src/stm32f1xx_hal.o
                0x0000000008001f40                HAL_Init
 .text.HAL_InitTick
                0x0000000008001f6c       0x60 ./Drivers/STM32F1xx_HAL_Driver/Src/stm32f1xx_hal.o
                0x0000000008001f6c                HAL_InitTick
 .text.HAL_IncTick
                0x0000000008001fcc       0x24 ./Drivers/STM32F1xx_HAL_Driver/Src/stm32f1xx_hal.o
                0x0000000008001fcc                HAL_IncTick
 .text.HAL_GetTick
                0x0000000008001ff0       0x14 ./Drivers/STM32F1xx_HAL_Driver/Src/stm32f1xx_hal.o
                0x0000000008001ff0                HAL_GetTick
 .text.HAL_Delay
                0x0000000008002004       0x48 ./Drivers/STM32F1xx_HAL_Driver/Src/stm32f1xx_hal.o
                0x0000000008002004                HAL_Delay
 .text.__NVIC_SetPriorityGrouping
                0x000000000800204c       0x48 ./Drivers/STM32F1xx_HAL_Driver/Src/stm32f1xx_hal_cortex.o
 .text.__NVIC_GetPriorityGrouping
                0x0000000008002094       0x1c ./Drivers/STM32F1xx_HAL_Driver/Src/stm32f1xx_hal_cortex.o
 .text.__NVIC_EnableIRQ
                0x00000000080020b0       0x38 ./Drivers/STM32F1xx_HAL_Driver/Src/stm32f1xx_hal_cortex.o
 .text.__NVIC_SetPriority
                0x00000000080020e8       0x54 ./Drivers/STM32F1xx_HAL_Driver/Src/stm32f1xx_hal_cortex.o
 .text.NVIC_EncodePriority
                0x000000000800213c       0x64 ./Drivers/STM32F1xx_HAL_Driver/Src/stm32f1xx_hal_cortex.o
 .text.SysTick_Config
                0x00000000080021a0       0x44 ./Drivers/STM32F1xx_HAL_Driver/Src/stm32f1xx_hal_cortex.o
 .text.HAL_NVIC_SetPriorityGrouping
                0x00000000080021e4       0x16 ./Drivers/STM32F1xx_HAL_Driver/Src/stm32f1xx_hal_cortex.o
                0x00000000080021e4                HAL_NVIC_SetPriorityGrouping
 .text.HAL_NVIC_SetPriority
                0x00000000080021fa       0x38 ./Drivers/STM32F1xx_HAL_Driver/Src/stm32f1xx_hal_cortex.o
                0x00000000080021fa                HAL_NVIC_SetPriority
 .text.HAL_NVIC_EnableIRQ
                0x0000000008002232       0x1c ./Drivers/STM32F1xx_HAL_Driver/Src/stm32f1xx_hal_cortex.o
                0x0000000008002232                HAL_NVIC_EnableIRQ
 .text.HAL_SYSTICK_Config
                0x000000000800224e       0x18 ./Drivers/STM32F1xx_HAL_Driver/Src/stm32f1xx_hal_cortex.o
                0x000000000800224e                HAL_SYSTICK_Config
 *fill*         0x0000000008002266        0x2 
 .text.HAL_DMA_Abort_IT
                0x0000000008002268       0xf0 ./Drivers/STM32F1xx_HAL_Driver/Src/stm32f1xx_hal_dma.o
                0x0000000008002268                HAL_DMA_Abort_IT
 .text.HAL_DMA_GetState
                0x0000000008002358       0x1a ./Drivers/STM32F1xx_HAL_Driver/Src/stm32f1xx_hal_dma.o
                0x0000000008002358                HAL_DMA_GetState
 *fill*         0x0000000008002372        0x2 
 .text.HAL_GPIO_Init
                0x0000000008002374      0x308 ./Drivers/STM32F1xx_HAL_Driver/Src/stm32f1xx_hal_gpio.o
                0x0000000008002374                HAL_GPIO_Init
 .text.HAL_GPIO_ReadPin
                0x000000000800267c       0x2e ./Drivers/STM32F1xx_HAL_Driver/Src/stm32f1xx_hal_gpio.o
                0x000000000800267c                HAL_GPIO_ReadPin
 .text.HAL_GPIO_WritePin
                0x00000000080026aa       0x30 ./Drivers/STM32F1xx_HAL_Driver/Src/stm32f1xx_hal_gpio.o
                0x00000000080026aa                HAL_GPIO_WritePin
 .text.HAL_GPIO_TogglePin
                0x00000000080026da       0x32 ./Drivers/STM32F1xx_HAL_Driver/Src/stm32f1xx_hal_gpio.o
                0x00000000080026da                HAL_GPIO_TogglePin
 .text.HAL_GPIO_EXTI_IRQHandler
                0x000000000800270c       0x30 ./Drivers/STM32F1xx_HAL_Driver/Src/stm32f1xx_hal_gpio.o
                0x000000000800270c                HAL_GPIO_EXTI_IRQHandler
 .text.HAL_GPIO_EXTI_Callback
                0x000000000800273c       0x14 ./Drivers/STM32F1xx_HAL_Driver/Src/stm32f1xx_hal_gpio.o
                0x000000000800273c                HAL_GPIO_EXTI_Callback
 .text.HAL_I2C_Init
                0x0000000008002750      0x288 ./Drivers/STM32F1xx_HAL_Driver/Src/stm32f1xx_hal_i2c.o
                0x0000000008002750                HAL_I2C_Init
 .text.I2C_Flush_DR
                0x00000000080029d8       0x28 ./Drivers/STM32F1xx_HAL_Driver/Src/stm32f1xx_hal_i2c.o
 .text.HAL_I2C_Master_Transmit
                0x0000000008002a00      0x1fc ./Drivers/STM32F1xx_HAL_Driver/Src/stm32f1xx_hal_i2c.o
                0x0000000008002a00                HAL_I2C_Master_Transmit
 .text.HAL_I2C_EV_IRQHandler
                0x0000000008002bfc      0x2e2 ./Drivers/STM32F1xx_HAL_Driver/Src/stm32f1xx_hal_i2c.o
                0x0000000008002bfc                HAL_I2C_EV_IRQHandler
 .text.HAL_I2C_ER_IRQHandler
                0x0000000008002ede      0x15e ./Drivers/STM32F1xx_HAL_Driver/Src/stm32f1xx_hal_i2c.o
                0x0000000008002ede                HAL_I2C_ER_IRQHandler
 .text.HAL_I2C_MasterTxCpltCallback
                0x000000000800303c       0x12 ./Drivers/STM32F1xx_HAL_Driver/Src/stm32f1xx_hal_i2c.o
                0x000000000800303c                HAL_I2C_MasterTxCpltCallback
 .text.HAL_I2C_MasterRxCpltCallback
                0x000000000800304e       0x12 ./Drivers/STM32F1xx_HAL_Driver/Src/stm32f1xx_hal_i2c.o
                0x000000000800304e                HAL_I2C_MasterRxCpltCallback
 .text.HAL_I2C_SlaveTxCpltCallback
                0x0000000008003060       0x12 ./Drivers/STM32F1xx_HAL_Driver/Src/stm32f1xx_hal_i2c.o
                0x0000000008003060                HAL_I2C_SlaveTxCpltCallback
 .text.HAL_I2C_SlaveRxCpltCallback
                0x0000000008003072       0x12 ./Drivers/STM32F1xx_HAL_Driver/Src/stm32f1xx_hal_i2c.o
                0x0000000008003072                HAL_I2C_SlaveRxCpltCallback
 .text.HAL_I2C_AddrCallback
                0x0000000008003084       0x1a ./Drivers/STM32F1xx_HAL_Driver/Src/stm32f1xx_hal_i2c.o
                0x0000000008003084                HAL_I2C_AddrCallback
 .text.HAL_I2C_ListenCpltCallback
                0x000000000800309e       0x12 ./Drivers/STM32F1xx_HAL_Driver/Src/stm32f1xx_hal_i2c.o
                0x000000000800309e                HAL_I2C_ListenCpltCallback
 .text.HAL_I2C_MemTxCpltCallback
                0x00000000080030b0       0x12 ./Drivers/STM32F1xx_HAL_Driver/Src/stm32f1xx_hal_i2c.o
                0x00000000080030b0                HAL_I2C_MemTxCpltCallback
 .text.HAL_I2C_MemRxCpltCallback
                0x00000000080030c2       0x12 ./Drivers/STM32F1xx_HAL_Driver/Src/stm32f1xx_hal_i2c.o
                0x00000000080030c2                HAL_I2C_MemRxCpltCallback
 .text.HAL_I2C_ErrorCallback
                0x00000000080030d4       0x12 ./Drivers/STM32F1xx_HAL_Driver/Src/stm32f1xx_hal_i2c.o
                0x00000000080030d4                HAL_I2C_ErrorCallback
 .text.HAL_I2C_AbortCpltCallback
                0x00000000080030e6       0x12 ./Drivers/STM32F1xx_HAL_Driver/Src/stm32f1xx_hal_i2c.o
                0x00000000080030e6                HAL_I2C_AbortCpltCallback
 .text.I2C_MasterTransmit_TXE
                0x00000000080030f8      0x138 ./Drivers/STM32F1xx_HAL_Driver/Src/stm32f1xx_hal_i2c.o
 .text.I2C_MasterTransmit_BTF
                0x0000000008003230       0xec ./Drivers/STM32F1xx_HAL_Driver/Src/stm32f1xx_hal_i2c.o
 .text.I2C_MemoryTransmit_TXE_BTF
                0x000000000800331c      0x130 ./Drivers/STM32F1xx_HAL_Driver/Src/stm32f1xx_hal_i2c.o
 .text.I2C_MasterReceive_RXNE
                0x000000000800344c      0x190 ./Drivers/STM32F1xx_HAL_Driver/Src/stm32f1xx_hal_i2c.o
 .text.I2C_MasterReceive_BTF
                0x00000000080035dc      0x1e2 ./Drivers/STM32F1xx_HAL_Driver/Src/stm32f1xx_hal_i2c.o
 .text.I2C_Master_SB
                0x00000000080037be      0x10a ./Drivers/STM32F1xx_HAL_Driver/Src/stm32f1xx_hal_i2c.o
 .text.I2C_Master_ADD10
                0x00000000080038c8       0x52 ./Drivers/STM32F1xx_HAL_Driver/Src/stm32f1xx_hal_i2c.o
 .text.I2C_Master_ADDR
                0x000000000800391a      0x336 ./Drivers/STM32F1xx_HAL_Driver/Src/stm32f1xx_hal_i2c.o
 .text.I2C_SlaveTransmit_TXE
                0x0000000008003c50       0x7a ./Drivers/STM32F1xx_HAL_Driver/Src/stm32f1xx_hal_i2c.o
 .text.I2C_SlaveTransmit_BTF
                0x0000000008003cca       0x40 ./Drivers/STM32F1xx_HAL_Driver/Src/stm32f1xx_hal_i2c.o
 .text.I2C_SlaveReceive_RXNE
                0x0000000008003d0a       0x7c ./Drivers/STM32F1xx_HAL_Driver/Src/stm32f1xx_hal_i2c.o
 .text.I2C_SlaveReceive_BTF
                0x0000000008003d86       0x42 ./Drivers/STM32F1xx_HAL_Driver/Src/stm32f1xx_hal_i2c.o
 .text.I2C_Slave_ADDR
                0x0000000008003dc8       0x94 ./Drivers/STM32F1xx_HAL_Driver/Src/stm32f1xx_hal_i2c.o
 .text.I2C_Slave_STOPF
                0x0000000008003e5c      0x260 ./Drivers/STM32F1xx_HAL_Driver/Src/stm32f1xx_hal_i2c.o
 .text.I2C_Slave_AF
                0x00000000080040bc       0xe8 ./Drivers/STM32F1xx_HAL_Driver/Src/stm32f1xx_hal_i2c.o
 .text.I2C_ITError
                0x00000000080041a4      0x264 ./Drivers/STM32F1xx_HAL_Driver/Src/stm32f1xx_hal_i2c.o
 .text.I2C_MasterRequestWrite
                0x0000000008004408      0x104 ./Drivers/STM32F1xx_HAL_Driver/Src/stm32f1xx_hal_i2c.o
 .text.I2C_DMAAbort
                0x000000000800450c      0x150 ./Drivers/STM32F1xx_HAL_Driver/Src/stm32f1xx_hal_i2c.o
 .text.I2C_WaitOnFlagUntilTimeout
                0x000000000800465c       0xf4 ./Drivers/STM32F1xx_HAL_Driver/Src/stm32f1xx_hal_i2c.o
 .text.I2C_WaitOnMasterAddressFlagUntilTimeout
                0x0000000008004750      0x140 ./Drivers/STM32F1xx_HAL_Driver/Src/stm32f1xx_hal_i2c.o
 .text.I2C_WaitOnTXEFlagUntilTimeout
                0x0000000008004890       0x90 ./Drivers/STM32F1xx_HAL_Driver/Src/stm32f1xx_hal_i2c.o
 .text.I2C_WaitOnBTFFlagUntilTimeout
                0x0000000008004920       0x90 ./Drivers/STM32F1xx_HAL_Driver/Src/stm32f1xx_hal_i2c.o
 .text.I2C_WaitOnSTOPRequestThroughIT
                0x00000000080049b0       0x64 ./Drivers/STM32F1xx_HAL_Driver/Src/stm32f1xx_hal_i2c.o
 .text.I2C_IsAcknowledgeFailed
                0x0000000008004a14       0x5c ./Drivers/STM32F1xx_HAL_Driver/Src/stm32f1xx_hal_i2c.o
 .text.I2C_ConvertOtherXferOptions
                0x0000000008004a70       0x34 ./Drivers/STM32F1xx_HAL_Driver/Src/stm32f1xx_hal_i2c.o
 .text.HAL_RCC_OscConfig
                0x0000000008004aa4      0x500 ./Drivers/STM32F1xx_HAL_Driver/Src/stm32f1xx_hal_rcc.o
                0x0000000008004aa4                HAL_RCC_OscConfig
 .text.HAL_RCC_ClockConfig
                0x0000000008004fa4      0x1d4 ./Drivers/STM32F1xx_HAL_Driver/Src/stm32f1xx_hal_rcc.o
                0x0000000008004fa4                HAL_RCC_ClockConfig
 .text.HAL_RCC_GetSysClockFreq
                0x0000000008005178       0xa8 ./Drivers/STM32F1xx_HAL_Driver/Src/stm32f1xx_hal_rcc.o
                0x0000000008005178                HAL_RCC_GetSysClockFreq
 .text.HAL_RCC_GetHCLKFreq
                0x0000000008005220       0x14 ./Drivers/STM32F1xx_HAL_Driver/Src/stm32f1xx_hal_rcc.o
                0x0000000008005220                HAL_RCC_GetHCLKFreq
 .text.HAL_RCC_GetPCLK1Freq
                0x0000000008005234       0x28 ./Drivers/STM32F1xx_HAL_Driver/Src/stm32f1xx_hal_rcc.o
                0x0000000008005234                HAL_RCC_GetPCLK1Freq
 .text.HAL_RCC_GetPCLK2Freq
                0x000000000800525c       0x28 ./Drivers/STM32F1xx_HAL_Driver/Src/stm32f1xx_hal_rcc.o
                0x000000000800525c                HAL_RCC_GetPCLK2Freq
 .text.RCC_Delay
                0x0000000008005284       0x3c ./Drivers/STM32F1xx_HAL_Driver/Src/stm32f1xx_hal_rcc.o
 .text.HAL_TIM_Base_Init
                0x00000000080052c0       0x9e ./Drivers/STM32F1xx_HAL_Driver/Src/stm32f1xx_hal_tim.o
                0x00000000080052c0                HAL_TIM_Base_Init
 *fill*         0x000000000800535e        0x2 
 .text.HAL_TIM_Base_Start_IT
                0x0000000008005360       0xa4 ./Drivers/STM32F1xx_HAL_Driver/Src/stm32f1xx_hal_tim.o
                0x0000000008005360                HAL_TIM_Base_Start_IT
 .text.HAL_TIM_IRQHandler
                0x0000000008005404      0x1e0 ./Drivers/STM32F1xx_HAL_Driver/Src/stm32f1xx_hal_tim.o
                0x0000000008005404                HAL_TIM_IRQHandler
 .text.HAL_TIM_ConfigClockSource
                0x00000000080055e4      0x18e ./Drivers/STM32F1xx_HAL_Driver/Src/stm32f1xx_hal_tim.o
                0x00000000080055e4                HAL_TIM_ConfigClockSource
 .text.HAL_TIM_OC_DelayElapsedCallback
                0x0000000008005772       0x12 ./Drivers/STM32F1xx_HAL_Driver/Src/stm32f1xx_hal_tim.o
                0x0000000008005772                HAL_TIM_OC_DelayElapsedCallback
 .text.HAL_TIM_IC_CaptureCallback
                0x0000000008005784       0x12 ./Drivers/STM32F1xx_HAL_Driver/Src/stm32f1xx_hal_tim.o
                0x0000000008005784                HAL_TIM_IC_CaptureCallback
 .text.HAL_TIM_PWM_PulseFinishedCallback
                0x0000000008005796       0x12 ./Drivers/STM32F1xx_HAL_Driver/Src/stm32f1xx_hal_tim.o
                0x0000000008005796                HAL_TIM_PWM_PulseFinishedCallback
 .text.HAL_TIM_TriggerCallback
                0x00000000080057a8       0x12 ./Drivers/STM32F1xx_HAL_Driver/Src/stm32f1xx_hal_tim.o
                0x00000000080057a8                HAL_TIM_TriggerCallback
 *fill*         0x00000000080057ba        0x2 
 .text.TIM_Base_SetConfig
                0x00000000080057bc       0xdc ./Drivers/STM32F1xx_HAL_Driver/Src/stm32f1xx_hal_tim.o
                0x00000000080057bc                TIM_Base_SetConfig
 .text.TIM_TI1_ConfigInputStage
                0x0000000008005898       0x5c ./Drivers/STM32F1xx_HAL_Driver/Src/stm32f1xx_hal_tim.o
 .text.TIM_TI2_ConfigInputStage
                0x00000000080058f4       0x5e ./Drivers/STM32F1xx_HAL_Driver/Src/stm32f1xx_hal_tim.o
 .text.TIM_ITRx_SetConfig
                0x0000000008005952       0x34 ./Drivers/STM32F1xx_HAL_Driver/Src/stm32f1xx_hal_tim.o
 .text.TIM_ETR_SetConfig
                0x0000000008005986       0x3e ./Drivers/STM32F1xx_HAL_Driver/Src/stm32f1xx_hal_tim.o
                0x0000000008005986                TIM_ETR_SetConfig
 .text.HAL_TIMEx_MasterConfigSynchronization
                0x00000000080059c4       0xbc ./Drivers/STM32F1xx_HAL_Driver/Src/stm32f1xx_hal_tim_ex.o
                0x00000000080059c4                HAL_TIMEx_MasterConfigSynchronization
 .text.HAL_TIMEx_CommutCallback
                0x0000000008005a80       0x12 ./Drivers/STM32F1xx_HAL_Driver/Src/stm32f1xx_hal_tim_ex.o
                0x0000000008005a80                HAL_TIMEx_CommutCallback
 .text.HAL_TIMEx_BreakCallback
                0x0000000008005a92       0x12 ./Drivers/STM32F1xx_HAL_Driver/Src/stm32f1xx_hal_tim_ex.o
                0x0000000008005a92                HAL_TIMEx_BreakCallback
 .text.HAL_UART_Init
                0x0000000008005aa4       0xa0 ./Drivers/STM32F1xx_HAL_Driver/Src/stm32f1xx_hal_uart.o
                0x0000000008005aa4                HAL_UART_Init
 .text.UART_SetConfig
                0x0000000008005b44      0x11c ./Drivers/STM32F1xx_HAL_Driver/Src/stm32f1xx_hal_uart.o
 .text.__errno  0x0000000008005c60        0xc e:/stm32/stm32cubeide_1.7.0/stm32cubeide/plugins/com.st.stm32cube.ide.mcu.externaltools.gnu-tools-for-stm32.9-2020-q2-update.win32_2.0.0.202105311346/tools/bin/../lib/gcc/arm-none-eabi/9.3.1/../../../../arm-none-eabi/lib/thumb/v7-m/nofp\libc_nano.a(lib_a-errno.o)
                0x0000000008005c60                __errno
 .text.__libc_init_array
                0x0000000008005c6c       0x48 e:/stm32/stm32cubeide_1.7.0/stm32cubeide/plugins/com.st.stm32cube.ide.mcu.externaltools.gnu-tools-for-stm32.9-2020-q2-update.win32_2.0.0.202105311346/tools/bin/../lib/gcc/arm-none-eabi/9.3.1/../../../../arm-none-eabi/lib/thumb/v7-m/nofp\libc_nano.a(lib_a-init.o)
                0x0000000008005c6c                __libc_init_array
 .text.memset   0x0000000008005cb4       0x10 e:/stm32/stm32cubeide_1.7.0/stm32cubeide/plugins/com.st.stm32cube.ide.mcu.externaltools.gnu-tools-for-stm32.9-2020-q2-update.win32_2.0.0.202105311346/tools/bin/../lib/gcc/arm-none-eabi/9.3.1/../../../../arm-none-eabi/lib/thumb/v7-m/nofp\libc_nano.a(lib_a-memset.o)
                0x0000000008005cb4                memset
 .text.snprintf
                0x0000000008005cc4       0x68 e:/stm32/stm32cubeide_1.7.0/stm32cubeide/plugins/com.st.stm32cube.ide.mcu.externaltools.gnu-tools-for-stm32.9-2020-q2-update.win32_2.0.0.202105311346/tools/bin/../lib/gcc/arm-none-eabi/9.3.1/../../../../arm-none-eabi/lib/thumb/v7-m/nofp\libc_nano.a(lib_a-snprintf.o)
                0x0000000008005cc4                sniprintf
                0x0000000008005cc4                snprintf
 .text.__ssputs_r
                0x0000000008005d2c       0xb6 e:/stm32/stm32cubeide_1.7.0/stm32cubeide/plugins/com.st.stm32cube.ide.mcu.externaltools.gnu-tools-for-stm32.9-2020-q2-update.win32_2.0.0.202105311346/tools/bin/../lib/gcc/arm-none-eabi/9.3.1/../../../../arm-none-eabi/lib/thumb/v7-m/nofp\libc_nano.a(lib_a-nano-svfprintf.o)
                0x0000000008005d2c                __ssputs_r
 *fill*         0x0000000008005de2        0x2 
 .text._svfprintf_r
                0x0000000008005de4      0x200 e:/stm32/stm32cubeide_1.7.0/stm32cubeide/plugins/com.st.stm32cube.ide.mcu.externaltools.gnu-tools-for-stm32.9-2020-q2-update.win32_2.0.0.202105311346/tools/bin/../lib/gcc/arm-none-eabi/9.3.1/../../../../arm-none-eabi/lib/thumb/v7-m/nofp\libc_nano.a(lib_a-nano-svfprintf.o)
                0x0000000008005de4                _svfiprintf_r
                0x0000000008005de4                _svfprintf_r
 .text._printf_common
                0x0000000008005fe4       0xde e:/stm32/stm32cubeide_1.7.0/stm32cubeide/plugins/com.st.stm32cube.ide.mcu.externaltools.gnu-tools-for-stm32.9-2020-q2-update.win32_2.0.0.202105311346/tools/bin/../lib/gcc/arm-none-eabi/9.3.1/../../../../arm-none-eabi/lib/thumb/v7-m/nofp\libc_nano.a(lib_a-nano-vfprintf_i.o)
                0x0000000008005fe4                _printf_common
 *fill*         0x00000000080060c2        0x2 
 .text._printf_i
                0x00000000080060c4      0x24c e:/stm32/stm32cubeide_1.7.0/stm32cubeide/plugins/com.st.stm32cube.ide.mcu.externaltools.gnu-tools-for-stm32.9-2020-q2-update.win32_2.0.0.202105311346/tools/bin/../lib/gcc/arm-none-eabi/9.3.1/../../../../arm-none-eabi/lib/thumb/v7-m/nofp\libc_nano.a(lib_a-nano-vfprintf_i.o)
                0x00000000080060c4                _printf_i
 .text.memchr   0x0000000008006310       0x1c e:/stm32/stm32cubeide_1.7.0/stm32cubeide/plugins/com.st.stm32cube.ide.mcu.externaltools.gnu-tools-for-stm32.9-2020-q2-update.win32_2.0.0.202105311346/tools/bin/../lib/gcc/arm-none-eabi/9.3.1/../../../../arm-none-eabi/lib/thumb/v7-m/nofp\libc_nano.a(lib_a-memchr-stub.o)
                0x0000000008006310                memchr
 .text.memcpy   0x000000000800632c       0x1c e:/stm32/stm32cubeide_1.7.0/stm32cubeide/plugins/com.st.stm32cube.ide.mcu.externaltools.gnu-tools-for-stm32.9-2020-q2-update.win32_2.0.0.202105311346/tools/bin/../lib/gcc/arm-none-eabi/9.3.1/../../../../arm-none-eabi/lib/thumb/v7-m/nofp\libc_nano.a(lib_a-memcpy-stub.o)
                0x000000000800632c                memcpy
 .text.memmove  0x0000000008006348       0x34 e:/stm32/stm32cubeide_1.7.0/stm32cubeide/plugins/com.st.stm32cube.ide.mcu.externaltools.gnu-tools-for-stm32.9-2020-q2-update.win32_2.0.0.202105311346/tools/bin/../lib/gcc/arm-none-eabi/9.3.1/../../../../arm-none-eabi/lib/thumb/v7-m/nofp\libc_nano.a(lib_a-memmove.o)
                0x0000000008006348                memmove
 .text._free_r  0x000000000800637c       0x98 e:/stm32/stm32cubeide_1.7.0/stm32cubeide/plugins/com.st.stm32cube.ide.mcu.externaltools.gnu-tools-for-stm32.9-2020-q2-update.win32_2.0.0.202105311346/tools/bin/../lib/gcc/arm-none-eabi/9.3.1/../../../../arm-none-eabi/lib/thumb/v7-m/nofp\libc_nano.a(lib_a-nano-freer.o)
                0x000000000800637c                _free_r
 .text._malloc_r
                0x0000000008006414       0xb4 e:/stm32/stm32cubeide_1.7.0/stm32cubeide/plugins/com.st.stm32cube.ide.mcu.externaltools.gnu-tools-for-stm32.9-2020-q2-update.win32_2.0.0.202105311346/tools/bin/../lib/gcc/arm-none-eabi/9.3.1/../../../../arm-none-eabi/lib/thumb/v7-m/nofp\libc_nano.a(lib_a-nano-mallocr.o)
                0x0000000008006414                _malloc_r
 .text._realloc_r
                0x00000000080064c8       0x4c e:/stm32/stm32cubeide_1.7.0/stm32cubeide/plugins/com.st.stm32cube.ide.mcu.externaltools.gnu-tools-for-stm32.9-2020-q2-update.win32_2.0.0.202105311346/tools/bin/../lib/gcc/arm-none-eabi/9.3.1/../../../../arm-none-eabi/lib/thumb/v7-m/nofp\libc_nano.a(lib_a-nano-reallocr.o)
                0x00000000080064c8                _realloc_r
 .text._sbrk_r  0x0000000008006514       0x20 e:/stm32/stm32cubeide_1.7.0/stm32cubeide/plugins/com.st.stm32cube.ide.mcu.externaltools.gnu-tools-for-stm32.9-2020-q2-update.win32_2.0.0.202105311346/tools/bin/../lib/gcc/arm-none-eabi/9.3.1/../../../../arm-none-eabi/lib/thumb/v7-m/nofp\libc_nano.a(lib_a-sbrkr.o)
                0x0000000008006514                _sbrk_r
 .text.__malloc_lock
                0x0000000008006534        0xc e:/stm32/stm32cubeide_1.7.0/stm32cubeide/plugins/com.st.stm32cube.ide.mcu.externaltools.gnu-tools-for-stm32.9-2020-q2-update.win32_2.0.0.202105311346/tools/bin/../lib/gcc/arm-none-eabi/9.3.1/../../../../arm-none-eabi/lib/thumb/v7-m/nofp\libc_nano.a(lib_a-mlock.o)
                0x0000000008006534                __malloc_lock
 .text.__malloc_unlock
                0x0000000008006540        0xc e:/stm32/stm32cubeide_1.7.0/stm32cubeide/plugins/com.st.stm32cube.ide.mcu.externaltools.gnu-tools-for-stm32.9-2020-q2-update.win32_2.0.0.202105311346/tools/bin/../lib/gcc/arm-none-eabi/9.3.1/../../../../arm-none-eabi/lib/thumb/v7-m/nofp\libc_nano.a(lib_a-mlock.o)
                0x0000000008006540                __malloc_unlock
 .text._malloc_usable_size_r
                0x000000000800654c       0x10 e:/stm32/stm32cubeide_1.7.0/stm32cubeide/plugins/com.st.stm32cube.ide.mcu.externaltools.gnu-tools-for-stm32.9-2020-q2-update.win32_2.0.0.202105311346/tools/bin/../lib/gcc/arm-none-eabi/9.3.1/../../../../arm-none-eabi/lib/thumb/v7-m/nofp\libc_nano.a(lib_a-nano-msizer.o)
                0x000000000800654c                _malloc_usable_size_r
 .text.__retarget_lock_acquire_recursive
                0x000000000800655c        0x2 e:/stm32/stm32cubeide_1.7.0/stm32cubeide/plugins/com.st.stm32cube.ide.mcu.externaltools.gnu-tools-for-stm32.9-2020-q2-update.win32_2.0.0.202105311346/tools/bin/../lib/gcc/arm-none-eabi/9.3.1/../../../../arm-none-eabi/lib/thumb/v7-m/nofp\libc_nano.a(lib_a-lock.o)
                0x000000000800655c                __retarget_lock_acquire_recursive
 .text.__retarget_lock_release_recursive
                0x000000000800655e        0x2 e:/stm32/stm32cubeide_1.7.0/stm32cubeide/plugins/com.st.stm32cube.ide.mcu.externaltools.gnu-tools-for-stm32.9-2020-q2-update.win32_2.0.0.202105311346/tools/bin/../lib/gcc/arm-none-eabi/9.3.1/../../../../arm-none-eabi/lib/thumb/v7-m/nofp\libc_nano.a(lib_a-lock.o)
                0x000000000800655e                __retarget_lock_release_recursive
 *(.glue_7)
 .glue_7        0x0000000008006560        0x0 linker stubs
 *(.glue_7t)
 .glue_7t       0x0000000008006560        0x0 linker stubs
 *(.eh_frame)
 .eh_frame      0x0000000008006560        0x0 e:/stm32/stm32cubeide_1.7.0/stm32cubeide/plugins/com.st.stm32cube.ide.mcu.externaltools.gnu-tools-for-stm32.9-2020-q2-update.win32_2.0.0.202105311346/tools/bin/../lib/gcc/arm-none-eabi/9.3.1/thumb/v7-m/nofp/crtbegin.o
 *(.init)
 .init          0x0000000008006560        0x4 e:/stm32/stm32cubeide_1.7.0/stm32cubeide/plugins/com.st.stm32cube.ide.mcu.externaltools.gnu-tools-for-stm32.9-2020-q2-update.win32_2.0.0.202105311346/tools/bin/../lib/gcc/arm-none-eabi/9.3.1/thumb/v7-m/nofp/crti.o
                0x0000000008006560                _init
 .init          0x0000000008006564        0x8 e:/stm32/stm32cubeide_1.7.0/stm32cubeide/plugins/com.st.stm32cube.ide.mcu.externaltools.gnu-tools-for-stm32.9-2020-q2-update.win32_2.0.0.202105311346/tools/bin/../lib/gcc/arm-none-eabi/9.3.1/thumb/v7-m/nofp/crtn.o
 *(.fini)
 .fini          0x000000000800656c        0x4 e:/stm32/stm32cubeide_1.7.0/stm32cubeide/plugins/com.st.stm32cube.ide.mcu.externaltools.gnu-tools-for-stm32.9-2020-q2-update.win32_2.0.0.202105311346/tools/bin/../lib/gcc/arm-none-eabi/9.3.1/thumb/v7-m/nofp/crti.o
                0x000000000800656c                _fini
 .fini          0x0000000008006570        0x8 e:/stm32/stm32cubeide_1.7.0/stm32cubeide/plugins/com.st.stm32cube.ide.mcu.externaltools.gnu-tools-for-stm32.9-2020-q2-update.win32_2.0.0.202105311346/tools/bin/../lib/gcc/arm-none-eabi/9.3.1/thumb/v7-m/nofp/crtn.o
                0x0000000008006578                . = ALIGN (0x4)
                0x0000000008006578                _etext = .

.vfp11_veneer   0x0000000008006578        0x0
 .vfp11_veneer  0x0000000008006578        0x0 linker stubs

.v4_bx          0x0000000008006578        0x0
 .v4_bx         0x0000000008006578        0x0 linker stubs

.iplt           0x0000000008006578        0x0
 .iplt          0x0000000008006578        0x0 e:/stm32/stm32cubeide_1.7.0/stm32cubeide/plugins/com.st.stm32cube.ide.mcu.externaltools.gnu-tools-for-stm32.9-2020-q2-update.win32_2.0.0.202105311346/tools/bin/../lib/gcc/arm-none-eabi/9.3.1/thumb/v7-m/nofp/crtbegin.o

.rodata         0x0000000008006578       0x68
                0x0000000008006578                . = ALIGN (0x4)
 *(.rodata)
 .rodata        0x0000000008006578        0x5 ./Core/Src/i2c-lcd.o
 *(.rodata*)
 *fill*         0x000000000800657d        0x3 
 .rodata.AHBPrescTable
                0x0000000008006580       0x10 ./Core/Src/system_stm32f1xx.o
                0x0000000008006580                AHBPrescTable
 .rodata.APBPrescTable
                0x0000000008006590        0x8 ./Core/Src/system_stm32f1xx.o
                0x0000000008006590                APBPrescTable
 .rodata.aPLLMULFactorTable.6442
                0x0000000008006598       0x10 ./Drivers/STM32F1xx_HAL_Driver/Src/stm32f1xx_hal_rcc.o
 .rodata.aPredivFactorTable.6443
                0x00000000080065a8        0x2 ./Drivers/STM32F1xx_HAL_Driver/Src/stm32f1xx_hal_rcc.o
 .rodata._svfprintf_r.str1.1
                0x00000000080065aa       0x11 e:/stm32/stm32cubeide_1.7.0/stm32cubeide/plugins/com.st.stm32cube.ide.mcu.externaltools.gnu-tools-for-stm32.9-2020-q2-update.win32_2.0.0.202105311346/tools/bin/../lib/gcc/arm-none-eabi/9.3.1/../../../../arm-none-eabi/lib/thumb/v7-m/nofp\libc_nano.a(lib_a-nano-svfprintf.o)
 .rodata._printf_i.str1.1
                0x00000000080065bb       0x22 e:/stm32/stm32cubeide_1.7.0/stm32cubeide/plugins/com.st.stm32cube.ide.mcu.externaltools.gnu-tools-for-stm32.9-2020-q2-update.win32_2.0.0.202105311346/tools/bin/../lib/gcc/arm-none-eabi/9.3.1/../../../../arm-none-eabi/lib/thumb/v7-m/nofp\libc_nano.a(lib_a-nano-vfprintf_i.o)
                0x00000000080065e0                . = ALIGN (0x4)
 *fill*         0x00000000080065dd        0x3 

.rel.dyn        0x00000000080065e0        0x0
 .rel.iplt      0x00000000080065e0        0x0 e:/stm32/stm32cubeide_1.7.0/stm32cubeide/plugins/com.st.stm32cube.ide.mcu.externaltools.gnu-tools-for-stm32.9-2020-q2-update.win32_2.0.0.202105311346/tools/bin/../lib/gcc/arm-none-eabi/9.3.1/thumb/v7-m/nofp/crtbegin.o

.ARM.extab      0x00000000080065e0        0x0
                0x00000000080065e0                . = ALIGN (0x4)
 *(.ARM.extab* .gnu.linkonce.armextab.*)
                0x00000000080065e0                . = ALIGN (0x4)

.ARM            0x00000000080065e0        0x0
                0x00000000080065e0                . = ALIGN (0x4)
                0x00000000080065e0                __exidx_start = .
 *(.ARM.exidx*)
                0x00000000080065e0                __exidx_end = .
                0x00000000080065e0                . = ALIGN (0x4)

.preinit_array  0x00000000080065e0        0x0
                0x00000000080065e0                . = ALIGN (0x4)
                0x00000000080065e0                PROVIDE (__preinit_array_start = .)
 *(.preinit_array*)
                0x00000000080065e0                PROVIDE (__preinit_array_end = .)
                0x00000000080065e0                . = ALIGN (0x4)

.init_array     0x00000000080065e0        0x4
                0x00000000080065e0                . = ALIGN (0x4)
                0x00000000080065e0                PROVIDE (__init_array_start = .)
 *(SORT_BY_NAME(.init_array.*))
 *(.init_array*)
 .init_array    0x00000000080065e0        0x4 e:/stm32/stm32cubeide_1.7.0/stm32cubeide/plugins/com.st.stm32cube.ide.mcu.externaltools.gnu-tools-for-stm32.9-2020-q2-update.win32_2.0.0.202105311346/tools/bin/../lib/gcc/arm-none-eabi/9.3.1/thumb/v7-m/nofp/crtbegin.o
                0x00000000080065e4                PROVIDE (__init_array_end = .)
                0x00000000080065e4                . = ALIGN (0x4)

.fini_array     0x00000000080065e4        0x4
                0x00000000080065e4                . = ALIGN (0x4)
                [!provide]                        PROVIDE (__fini_array_start = .)
 *(SORT_BY_NAME(.fini_array.*))
 *(.fini_array*)
 .fini_array    0x00000000080065e4        0x4 e:/stm32/stm32cubeide_1.7.0/stm32cubeide/plugins/com.st.stm32cube.ide.mcu.externaltools.gnu-tools-for-stm32.9-2020-q2-update.win32_2.0.0.202105311346/tools/bin/../lib/gcc/arm-none-eabi/9.3.1/thumb/v7-m/nofp/crtbegin.o
                [!provide]                        PROVIDE (__fini_array_end = .)
                0x00000000080065e8                . = ALIGN (0x4)
                0x00000000080065e8                _sidata = LOADADDR (.data)

.data           0x0000000020000000       0xf8 load address 0x00000000080065e8
                0x0000000020000000                . = ALIGN (0x4)
                0x0000000020000000                _sdata = .
 *(.data)
 *(.data*)
 .data.buttons  0x0000000020000000       0x78 ./Core/Src/button.o
                0x0000000020000000                buttons
 .data.timer_cycle
                0x0000000020000078        0x4 ./Core/Src/software_timer.o
                0x0000000020000078                timer_cycle
 .data.SystemCoreClock
                0x000000002000007c        0x4 ./Core/Src/system_stm32f1xx.o
                0x000000002000007c                SystemCoreClock
 .data.TIME_FOR_GREEN
                0x0000000020000080        0x4 ./Core/Src/traffic_light.o
                0x0000000020000080                TIME_FOR_GREEN
 .data.TIME_FOR_RED
                0x0000000020000084        0x4 ./Core/Src/traffic_light.o
                0x0000000020000084                TIME_FOR_RED
 .data.TIME_FOR_AMBER
                0x0000000020000088        0x4 ./Core/Src/traffic_light.o
                0x0000000020000088                TIME_FOR_AMBER
 .data.uwTickPrio
                0x000000002000008c        0x4 ./Drivers/STM32F1xx_HAL_Driver/Src/stm32f1xx_hal.o
                0x000000002000008c                uwTickPrio
 .data.uwTickFreq
                0x0000000020000090        0x1 ./Drivers/STM32F1xx_HAL_Driver/Src/stm32f1xx_hal.o
                0x0000000020000090                uwTickFreq
 *fill*         0x0000000020000091        0x3 
 .data._impure_ptr
                0x0000000020000094        0x4 e:/stm32/stm32cubeide_1.7.0/stm32cubeide/plugins/com.st.stm32cube.ide.mcu.externaltools.gnu-tools-for-stm32.9-2020-q2-update.win32_2.0.0.202105311346/tools/bin/../lib/gcc/arm-none-eabi/9.3.1/../../../../arm-none-eabi/lib/thumb/v7-m/nofp\libc_nano.a(lib_a-impure.o)
                0x0000000020000094                _impure_ptr
 .data.impure_data
                0x0000000020000098       0x60 e:/stm32/stm32cubeide_1.7.0/stm32cubeide/plugins/com.st.stm32cube.ide.mcu.externaltools.gnu-tools-for-stm32.9-2020-q2-update.win32_2.0.0.202105311346/tools/bin/../lib/gcc/arm-none-eabi/9.3.1/../../../../arm-none-eabi/lib/thumb/v7-m/nofp\libc_nano.a(lib_a-impure.o)
 *(.RamFunc)
 *(.RamFunc*)
                0x00000000200000f8                . = ALIGN (0x4)
                0x00000000200000f8                _edata = .

.igot.plt       0x00000000200000f8        0x0 load address 0x00000000080066e0
 .igot.plt      0x00000000200000f8        0x0 e:/stm32/stm32cubeide_1.7.0/stm32cubeide/plugins/com.st.stm32cube.ide.mcu.externaltools.gnu-tools-for-stm32.9-2020-q2-update.win32_2.0.0.202105311346/tools/bin/../lib/gcc/arm-none-eabi/9.3.1/thumb/v7-m/nofp/crtbegin.o
                0x00000000200000f8                . = ALIGN (0x4)

.bss            0x00000000200000f8      0x4b8 load address 0x00000000080066e0
                0x00000000200000f8                _sbss = .
                0x00000000200000f8                __bss_start__ = _sbss
 *(.bss)
 .bss           0x00000000200000f8       0x1c e:/stm32/stm32cubeide_1.7.0/stm32cubeide/plugins/com.st.stm32cube.ide.mcu.externaltools.gnu-tools-for-stm32.9-2020-q2-update.win32_2.0.0.202105311346/tools/bin/../lib/gcc/arm-none-eabi/9.3.1/thumb/v7-m/nofp/crtbegin.o
 *(.bss*)
 .bss.buffer    0x0000000020000114       0x10 ./Core/Src/i2c-lcd.o
                0x0000000020000114                buffer
 .bss.current_index_task
                0x0000000020000124        0x1 ./Core/Src/scheduler.o
                0x0000000020000124                current_index_task
 *fill*         0x0000000020000125        0x3 
 .bss.__sbrk_heap_end
                0x0000000020000128        0x4 ./Core/Src/sysmem.o
 .bss.newTime   0x000000002000012c        0x4 ./Core/Src/traffic_light.o
                0x000000002000012c                newTime
 .bss.__malloc_free_list
                0x0000000020000130        0x4 e:/stm32/stm32cubeide_1.7.0/stm32cubeide/plugins/com.st.stm32cube.ide.mcu.externaltools.gnu-tools-for-stm32.9-2020-q2-update.win32_2.0.0.202105311346/tools/bin/../lib/gcc/arm-none-eabi/9.3.1/../../../../arm-none-eabi/lib/thumb/v7-m/nofp\libc_nano.a(lib_a-nano-mallocr.o)
                0x0000000020000130                __malloc_free_list
 .bss.__malloc_sbrk_start
                0x0000000020000134        0x4 e:/stm32/stm32cubeide_1.7.0/stm32cubeide/plugins/com.st.stm32cube.ide.mcu.externaltools.gnu-tools-for-stm32.9-2020-q2-update.win32_2.0.0.202105311346/tools/bin/../lib/gcc/arm-none-eabi/9.3.1/../../../../arm-none-eabi/lib/thumb/v7-m/nofp\libc_nano.a(lib_a-nano-mallocr.o)
                0x0000000020000134                __malloc_sbrk_start
 *(COMMON)
 COMMON         0x0000000020000138        0x4 ./Core/Src/global.o
                0x0000000020000138                status
 COMMON         0x000000002000013c       0xe4 ./Core/Src/main.o
                0x000000002000013c                hi2c1
                0x0000000020000190                htim2
                0x00000000200001d8                huart2
 COMMON         0x0000000020000220      0x320 ./Core/Src/scheduler.o
                0x0000000020000220                SCH_task_G
 COMMON         0x0000000020000540       0x50 ./Core/Src/software_timer.o
                0x0000000020000540                timers
 COMMON         0x0000000020000590        0xc ./Core/Src/traffic_light.o
                0x0000000020000590                time_green
                0x0000000020000594                time_red
                0x0000000020000598                time_amber
 COMMON         0x000000002000059c        0x4 ./Drivers/STM32F1xx_HAL_Driver/Src/stm32f1xx_hal.o
                0x000000002000059c                uwTick
 COMMON         0x00000000200005a0        0x4 e:/stm32/stm32cubeide_1.7.0/stm32cubeide/plugins/com.st.stm32cube.ide.mcu.externaltools.gnu-tools-for-stm32.9-2020-q2-update.win32_2.0.0.202105311346/tools/bin/../lib/gcc/arm-none-eabi/9.3.1/../../../../arm-none-eabi/lib/thumb/v7-m/nofp\libc_nano.a(lib_a-reent.o)
                0x00000000200005a0                errno
 COMMON         0x00000000200005a4        0x9 e:/stm32/stm32cubeide_1.7.0/stm32cubeide/plugins/com.st.stm32cube.ide.mcu.externaltools.gnu-tools-for-stm32.9-2020-q2-update.win32_2.0.0.202105311346/tools/bin/../lib/gcc/arm-none-eabi/9.3.1/../../../../arm-none-eabi/lib/thumb/v7-m/nofp\libc_nano.a(lib_a-lock.o)
                0x00000000200005a4                __lock___atexit_recursive_mutex
                0x00000000200005a5                __lock___arc4random_mutex
                0x00000000200005a6                __lock___env_recursive_mutex
                0x00000000200005a7                __lock___sinit_recursive_mutex
                0x00000000200005a8                __lock___malloc_recursive_mutex
                0x00000000200005a9                __lock___at_quick_exit_mutex
                0x00000000200005aa                __lock___dd_hash_mutex
                0x00000000200005ab                __lock___tz_mutex
                0x00000000200005ac                __lock___sfp_recursive_mutex
                0x00000000200005b0                . = ALIGN (0x4)
 *fill*         0x00000000200005ad        0x3 
                0x00000000200005b0                _ebss = .
                0x00000000200005b0                __bss_end__ = _ebss

._user_heap_stack
                0x00000000200005b0      0x600 load address 0x00000000080066e0
                0x00000000200005b0                . = ALIGN (0x8)
                [!provide]                        PROVIDE (end = .)
                0x00000000200005b0                PROVIDE (_end = .)
                0x00000000200007b0                . = (. + _Min_Heap_Size)
 *fill*         0x00000000200005b0      0x200 
                0x0000000020000bb0                . = (. + _Min_Stack_Size)
 *fill*         0x00000000200007b0      0x400 
                0x0000000020000bb0                . = ALIGN (0x8)

/DISCARD/
 libc.a(*)
 libm.a(*)
 libgcc.a(*)

.ARM.attributes
                0x0000000000000000       0x29
 *(.ARM.attributes)
 .ARM.attributes
                0x0000000000000000       0x1d e:/stm32/stm32cubeide_1.7.0/stm32cubeide/plugins/com.st.stm32cube.ide.mcu.externaltools.gnu-tools-for-stm32.9-2020-q2-update.win32_2.0.0.202105311346/tools/bin/../lib/gcc/arm-none-eabi/9.3.1/thumb/v7-m/nofp/crti.o
 .ARM.attributes
                0x000000000000001d       0x2d e:/stm32/stm32cubeide_1.7.0/stm32cubeide/plugins/com.st.stm32cube.ide.mcu.externaltools.gnu-tools-for-stm32.9-2020-q2-update.win32_2.0.0.202105311346/tools/bin/../lib/gcc/arm-none-eabi/9.3.1/thumb/v7-m/nofp/crtbegin.o
 .ARM.attributes
                0x000000000000004a       0x2d ./Core/Src/button.o
 .ARM.attributes
                0x0000000000000077       0x2d ./Core/Src/fsm_auto_mode.o
 .ARM.attributes
                0x00000000000000a4       0x2d ./Core/Src/fsm_manual.o
 .ARM.attributes
                0x00000000000000d1       0x2d ./Core/Src/fsm_modify.o
 .ARM.attributes
                0x00000000000000fe       0x33 ./Core/Src/global.o
 .ARM.attributes
                0x0000000000000131       0x2d ./Core/Src/i2c-lcd.o
 .ARM.attributes
                0x000000000000015e       0x2d ./Core/Src/main.o
 .ARM.attributes
                0x000000000000018b       0x2d ./Core/Src/scheduler.o
 .ARM.attributes
                0x00000000000001b8       0x2d ./Core/Src/software_timer.o
 .ARM.attributes
                0x00000000000001e5       0x2d ./Core/Src/stm32f1xx_hal_msp.o
 .ARM.attributes
                0x0000000000000212       0x2d ./Core/Src/stm32f1xx_it.o
 .ARM.attributes
                0x000000000000023f       0x2d ./Core/Src/sysmem.o
 .ARM.attributes
                0x000000000000026c       0x2d ./Core/Src/system_stm32f1xx.o
 .ARM.attributes
                0x0000000000000299       0x2d ./Core/Src/traffic_light.o
 .ARM.attributes
                0x00000000000002c6       0x21 ./Core/Startup/startup_stm32f103rbtx.o
 .ARM.attributes
                0x00000000000002e7       0x2d ./Drivers/STM32F1xx_HAL_Driver/Src/stm32f1xx_hal.o
 .ARM.attributes
                0x0000000000000314       0x2d ./Drivers/STM32F1xx_HAL_Driver/Src/stm32f1xx_hal_cortex.o
 .ARM.attributes
                0x0000000000000341       0x2d ./Drivers/STM32F1xx_HAL_Driver/Src/stm32f1xx_hal_dma.o
 .ARM.attributes
                0x000000000000036e       0x2d ./Drivers/STM32F1xx_HAL_Driver/Src/stm32f1xx_hal_gpio.o
 .ARM.attributes
                0x000000000000039b       0x2d ./Drivers/STM32F1xx_HAL_Driver/Src/stm32f1xx_hal_i2c.o
 .ARM.attributes
                0x00000000000003c8       0x2d ./Drivers/STM32F1xx_HAL_Driver/Src/stm32f1xx_hal_rcc.o
 .ARM.attributes
                0x00000000000003f5       0x2d ./Drivers/STM32F1xx_HAL_Driver/Src/stm32f1xx_hal_tim.o
 .ARM.attributes
                0x0000000000000422       0x2d ./Drivers/STM32F1xx_HAL_Driver/Src/stm32f1xx_hal_tim_ex.o
 .ARM.attributes
                0x000000000000044f       0x2d ./Drivers/STM32F1xx_HAL_Driver/Src/stm32f1xx_hal_uart.o
 .ARM.attributes
                0x000000000000047c       0x2d e:/stm32/stm32cubeide_1.7.0/stm32cubeide/plugins/com.st.stm32cube.ide.mcu.externaltools.gnu-tools-for-stm32.9-2020-q2-update.win32_2.0.0.202105311346/tools/bin/../lib/gcc/arm-none-eabi/9.3.1/../../../../arm-none-eabi/lib/thumb/v7-m/nofp\libc_nano.a(lib_a-errno.o)
 .ARM.attributes
                0x00000000000004a9       0x2d e:/stm32/stm32cubeide_1.7.0/stm32cubeide/plugins/com.st.stm32cube.ide.mcu.externaltools.gnu-tools-for-stm32.9-2020-q2-update.win32_2.0.0.202105311346/tools/bin/../lib/gcc/arm-none-eabi/9.3.1/../../../../arm-none-eabi/lib/thumb/v7-m/nofp\libc_nano.a(lib_a-impure.o)
 .ARM.attributes
                0x00000000000004d6       0x2d e:/stm32/stm32cubeide_1.7.0/stm32cubeide/plugins/com.st.stm32cube.ide.mcu.externaltools.gnu-tools-for-stm32.9-2020-q2-update.win32_2.0.0.202105311346/tools/bin/../lib/gcc/arm-none-eabi/9.3.1/../../../../arm-none-eabi/lib/thumb/v7-m/nofp\libc_nano.a(lib_a-init.o)
 .ARM.attributes
                0x0000000000000503       0x2d e:/stm32/stm32cubeide_1.7.0/stm32cubeide/plugins/com.st.stm32cube.ide.mcu.externaltools.gnu-tools-for-stm32.9-2020-q2-update.win32_2.0.0.202105311346/tools/bin/../lib/gcc/arm-none-eabi/9.3.1/../../../../arm-none-eabi/lib/thumb/v7-m/nofp\libc_nano.a(lib_a-memset.o)
 .ARM.attributes
                0x0000000000000530       0x2d e:/stm32/stm32cubeide_1.7.0/stm32cubeide/plugins/com.st.stm32cube.ide.mcu.externaltools.gnu-tools-for-stm32.9-2020-q2-update.win32_2.0.0.202105311346/tools/bin/../lib/gcc/arm-none-eabi/9.3.1/../../../../arm-none-eabi/lib/thumb/v7-m/nofp\libc_nano.a(lib_a-snprintf.o)
 .ARM.attributes
                0x000000000000055d       0x2d e:/stm32/stm32cubeide_1.7.0/stm32cubeide/plugins/com.st.stm32cube.ide.mcu.externaltools.gnu-tools-for-stm32.9-2020-q2-update.win32_2.0.0.202105311346/tools/bin/../lib/gcc/arm-none-eabi/9.3.1/../../../../arm-none-eabi/lib/thumb/v7-m/nofp\libc_nano.a(lib_a-nano-svfprintf.o)
 .ARM.attributes
                0x000000000000058a       0x2d e:/stm32/stm32cubeide_1.7.0/stm32cubeide/plugins/com.st.stm32cube.ide.mcu.externaltools.gnu-tools-for-stm32.9-2020-q2-update.win32_2.0.0.202105311346/tools/bin/../lib/gcc/arm-none-eabi/9.3.1/../../../../arm-none-eabi/lib/thumb/v7-m/nofp\libc_nano.a(lib_a-nano-vfprintf_i.o)
 .ARM.attributes
                0x00000000000005b7       0x2d e:/stm32/stm32cubeide_1.7.0/stm32cubeide/plugins/com.st.stm32cube.ide.mcu.externaltools.gnu-tools-for-stm32.9-2020-q2-update.win32_2.0.0.202105311346/tools/bin/../lib/gcc/arm-none-eabi/9.3.1/../../../../arm-none-eabi/lib/thumb/v7-m/nofp\libc_nano.a(lib_a-memchr-stub.o)
 .ARM.attributes
                0x00000000000005e4       0x2d e:/stm32/stm32cubeide_1.7.0/stm32cubeide/plugins/com.st.stm32cube.ide.mcu.externaltools.gnu-tools-for-stm32.9-2020-q2-update.win32_2.0.0.202105311346/tools/bin/../lib/gcc/arm-none-eabi/9.3.1/../../../../arm-none-eabi/lib/thumb/v7-m/nofp\libc_nano.a(lib_a-memcpy-stub.o)
 .ARM.attributes
                0x0000000000000611       0x2d e:/stm32/stm32cubeide_1.7.0/stm32cubeide/plugins/com.st.stm32cube.ide.mcu.externaltools.gnu-tools-for-stm32.9-2020-q2-update.win32_2.0.0.202105311346/tools/bin/../lib/gcc/arm-none-eabi/9.3.1/../../../../arm-none-eabi/lib/thumb/v7-m/nofp\libc_nano.a(lib_a-memmove.o)
 .ARM.attributes
                0x000000000000063e       0x2d e:/stm32/stm32cubeide_1.7.0/stm32cubeide/plugins/com.st.stm32cube.ide.mcu.externaltools.gnu-tools-for-stm32.9-2020-q2-update.win32_2.0.0.202105311346/tools/bin/../lib/gcc/arm-none-eabi/9.3.1/../../../../arm-none-eabi/lib/thumb/v7-m/nofp\libc_nano.a(lib_a-nano-freer.o)
 .ARM.attributes
                0x000000000000066b       0x2d e:/stm32/stm32cubeide_1.7.0/stm32cubeide/plugins/com.st.stm32cube.ide.mcu.externaltools.gnu-tools-for-stm32.9-2020-q2-update.win32_2.0.0.202105311346/tools/bin/../lib/gcc/arm-none-eabi/9.3.1/../../../../arm-none-eabi/lib/thumb/v7-m/nofp\libc_nano.a(lib_a-nano-mallocr.o)
 .ARM.attributes
                0x0000000000000698       0x2d e:/stm32/stm32cubeide_1.7.0/stm32cubeide/plugins/com.st.stm32cube.ide.mcu.externaltools.gnu-tools-for-stm32.9-2020-q2-update.win32_2.0.0.202105311346/tools/bin/../lib/gcc/arm-none-eabi/9.3.1/../../../../arm-none-eabi/lib/thumb/v7-m/nofp\libc_nano.a(lib_a-nano-reallocr.o)
 .ARM.attributes
                0x00000000000006c5       0x2d e:/stm32/stm32cubeide_1.7.0/stm32cubeide/plugins/com.st.stm32cube.ide.mcu.externaltools.gnu-tools-for-stm32.9-2020-q2-update.win32_2.0.0.202105311346/tools/bin/../lib/gcc/arm-none-eabi/9.3.1/../../../../arm-none-eabi/lib/thumb/v7-m/nofp\libc_nano.a(lib_a-sbrkr.o)
 .ARM.attributes
                0x00000000000006f2       0x2d e:/stm32/stm32cubeide_1.7.0/stm32cubeide/plugins/com.st.stm32cube.ide.mcu.externaltools.gnu-tools-for-stm32.9-2020-q2-update.win32_2.0.0.202105311346/tools/bin/../lib/gcc/arm-none-eabi/9.3.1/../../../../arm-none-eabi/lib/thumb/v7-m/nofp\libc_nano.a(lib_a-mlock.o)
 .ARM.attributes
                0x000000000000071f       0x2d e:/stm32/stm32cubeide_1.7.0/stm32cubeide/plugins/com.st.stm32cube.ide.mcu.externaltools.gnu-tools-for-stm32.9-2020-q2-update.win32_2.0.0.202105311346/tools/bin/../lib/gcc/arm-none-eabi/9.3.1/../../../../arm-none-eabi/lib/thumb/v7-m/nofp\libc_nano.a(lib_a-nano-msizer.o)
 .ARM.attributes
                0x000000000000074c       0x2d e:/stm32/stm32cubeide_1.7.0/stm32cubeide/plugins/com.st.stm32cube.ide.mcu.externaltools.gnu-tools-for-stm32.9-2020-q2-update.win32_2.0.0.202105311346/tools/bin/../lib/gcc/arm-none-eabi/9.3.1/../../../../arm-none-eabi/lib/thumb/v7-m/nofp\libc_nano.a(lib_a-reent.o)
 .ARM.attributes
                0x0000000000000779       0x2d e:/stm32/stm32cubeide_1.7.0/stm32cubeide/plugins/com.st.stm32cube.ide.mcu.externaltools.gnu-tools-for-stm32.9-2020-q2-update.win32_2.0.0.202105311346/tools/bin/../lib/gcc/arm-none-eabi/9.3.1/../../../../arm-none-eabi/lib/thumb/v7-m/nofp\libc_nano.a(lib_a-lock.o)
 .ARM.attributes
                0x00000000000007a6       0x1d e:/stm32/stm32cubeide_1.7.0/stm32cubeide/plugins/com.st.stm32cube.ide.mcu.externaltools.gnu-tools-for-stm32.9-2020-q2-update.win32_2.0.0.202105311346/tools/bin/../lib/gcc/arm-none-eabi/9.3.1/thumb/v7-m/nofp/crtn.o
OUTPUT(TRAFFIC LIGHT.elf elf32-littlearm)
LOAD linker stubs
LOAD e:/stm32/stm32cubeide_1.7.0/stm32cubeide/plugins/com.st.stm32cube.ide.mcu.externaltools.gnu-tools-for-stm32.9-2020-q2-update.win32_2.0.0.202105311346/tools/bin/../lib/gcc/arm-none-eabi/9.3.1/../../../../arm-none-eabi/lib/thumb/v7-m/nofp\libc.a
LOAD e:/stm32/stm32cubeide_1.7.0/stm32cubeide/plugins/com.st.stm32cube.ide.mcu.externaltools.gnu-tools-for-stm32.9-2020-q2-update.win32_2.0.0.202105311346/tools/bin/../lib/gcc/arm-none-eabi/9.3.1/../../../../arm-none-eabi/lib/thumb/v7-m/nofp\libm.a
LOAD e:/stm32/stm32cubeide_1.7.0/stm32cubeide/plugins/com.st.stm32cube.ide.mcu.externaltools.gnu-tools-for-stm32.9-2020-q2-update.win32_2.0.0.202105311346/tools/bin/../lib/gcc/arm-none-eabi/9.3.1/thumb/v7-m/nofp\libgcc.a

.debug_info     0x0000000000000000    0x1315e
 .debug_info    0x0000000000000000      0x3d1 ./Core/Src/button.o
 .debug_info    0x00000000000003d1      0x2d0 ./Core/Src/fsm_auto_mode.o
 .debug_info    0x00000000000006a1      0x288 ./Core/Src/fsm_manual.o
 .debug_info    0x0000000000000929      0x2dc ./Core/Src/fsm_modify.o
 .debug_info    0x0000000000000c05      0x1ea ./Core/Src/global.o
 .debug_info    0x0000000000000def     0x10c1 ./Core/Src/i2c-lcd.o
 .debug_info    0x0000000000001eb0     0x12cb ./Core/Src/main.o
 .debug_info    0x000000000000317b      0xaee ./Core/Src/scheduler.o
 .debug_info    0x0000000000003c69      0x25f ./Core/Src/software_timer.o
 .debug_info    0x0000000000003ec8     0x1150 ./Core/Src/stm32f1xx_hal_msp.o
 .debug_info    0x0000000000005018      0xac4 ./Core/Src/stm32f1xx_it.o
 .debug_info    0x0000000000005adc      0xa25 ./Core/Src/sysmem.o
 .debug_info    0x0000000000006501      0x2be ./Core/Src/system_stm32f1xx.o
 .debug_info    0x00000000000067bf      0x3d5 ./Core/Src/traffic_light.o
 .debug_info    0x0000000000006b94       0x22 ./Core/Startup/startup_stm32f103rbtx.o
 .debug_info    0x0000000000006bb6      0x76a ./Drivers/STM32F1xx_HAL_Driver/Src/stm32f1xx_hal.o
 .debug_info    0x0000000000007320      0xbdc ./Drivers/STM32F1xx_HAL_Driver/Src/stm32f1xx_hal_cortex.o
 .debug_info    0x0000000000007efc      0x823 ./Drivers/STM32F1xx_HAL_Driver/Src/stm32f1xx_hal_dma.o
 .debug_info    0x000000000000871f      0x701 ./Drivers/STM32F1xx_HAL_Driver/Src/stm32f1xx_hal_gpio.o
 .debug_info    0x0000000000008e20     0x27cb ./Drivers/STM32F1xx_HAL_Driver/Src/stm32f1xx_hal_i2c.o
 .debug_info    0x000000000000b5eb      0x893 ./Drivers/STM32F1xx_HAL_Driver/Src/stm32f1xx_hal_rcc.o
 .debug_info    0x000000000000be7e     0x2c32 ./Drivers/STM32F1xx_HAL_Driver/Src/stm32f1xx_hal_tim.o
 .debug_info    0x000000000000eab0     0x157f ./Drivers/STM32F1xx_HAL_Driver/Src/stm32f1xx_hal_tim_ex.o
 .debug_info    0x000000000001002f     0x312f ./Drivers/STM32F1xx_HAL_Driver/Src/stm32f1xx_hal_uart.o

.debug_abbrev   0x0000000000000000     0x2b44
 .debug_abbrev  0x0000000000000000      0x1a2 ./Core/Src/button.o
 .debug_abbrev  0x00000000000001a2      0x116 ./Core/Src/fsm_auto_mode.o
 .debug_abbrev  0x00000000000002b8      0x116 ./Core/Src/fsm_manual.o
 .debug_abbrev  0x00000000000003ce      0x116 ./Core/Src/fsm_modify.o
 .debug_abbrev  0x00000000000004e4       0xc9 ./Core/Src/global.o
 .debug_abbrev  0x00000000000005ad      0x242 ./Core/Src/i2c-lcd.o
 .debug_abbrev  0x00000000000007ef      0x294 ./Core/Src/main.o
 .debug_abbrev  0x0000000000000a83      0x234 ./Core/Src/scheduler.o
 .debug_abbrev  0x0000000000000cb7      0x12c ./Core/Src/software_timer.o
 .debug_abbrev  0x0000000000000de3      0x1c8 ./Core/Src/stm32f1xx_hal_msp.o
 .debug_abbrev  0x0000000000000fab      0x176 ./Core/Src/stm32f1xx_it.o
 .debug_abbrev  0x0000000000001121      0x1bf ./Core/Src/sysmem.o
 .debug_abbrev  0x00000000000012e0      0x14e ./Core/Src/system_stm32f1xx.o
 .debug_abbrev  0x000000000000142e      0x14a ./Core/Src/traffic_light.o
 .debug_abbrev  0x0000000000001578       0x12 ./Core/Startup/startup_stm32f103rbtx.o
 .debug_abbrev  0x000000000000158a      0x1ed ./Drivers/STM32F1xx_HAL_Driver/Src/stm32f1xx_hal.o
 .debug_abbrev  0x0000000000001777      0x313 ./Drivers/STM32F1xx_HAL_Driver/Src/stm32f1xx_hal_cortex.o
 .debug_abbrev  0x0000000000001a8a      0x228 ./Drivers/STM32F1xx_HAL_Driver/Src/stm32f1xx_hal_dma.o
 .debug_abbrev  0x0000000000001cb2      0x1e8 ./Drivers/STM32F1xx_HAL_Driver/Src/stm32f1xx_hal_gpio.o
 .debug_abbrev  0x0000000000001e9a      0x288 ./Drivers/STM32F1xx_HAL_Driver/Src/stm32f1xx_hal_i2c.o
 .debug_abbrev  0x0000000000002122      0x273 ./Drivers/STM32F1xx_HAL_Driver/Src/stm32f1xx_hal_rcc.o
 .debug_abbrev  0x0000000000002395      0x25e ./Drivers/STM32F1xx_HAL_Driver/Src/stm32f1xx_hal_tim.o
 .debug_abbrev  0x00000000000025f3      0x266 ./Drivers/STM32F1xx_HAL_Driver/Src/stm32f1xx_hal_tim_ex.o
 .debug_abbrev  0x0000000000002859      0x2eb ./Drivers/STM32F1xx_HAL_Driver/Src/stm32f1xx_hal_uart.o

.debug_aranges  0x0000000000000000     0x1098
 .debug_aranges
                0x0000000000000000       0x30 ./Core/Src/button.o
 .debug_aranges
                0x0000000000000030       0x20 ./Core/Src/fsm_auto_mode.o
 .debug_aranges
                0x0000000000000050       0x20 ./Core/Src/fsm_manual.o
 .debug_aranges
                0x0000000000000070       0x20 ./Core/Src/fsm_modify.o
 .debug_aranges
                0x0000000000000090       0x18 ./Core/Src/global.o
 .debug_aranges
                0x00000000000000a8       0x50 ./Core/Src/i2c-lcd.o
 .debug_aranges
                0x00000000000000f8       0x58 ./Core/Src/main.o
 .debug_aranges
                0x0000000000000150       0x40 ./Core/Src/scheduler.o
 .debug_aranges
                0x0000000000000190       0x28 ./Core/Src/software_timer.o
 .debug_aranges
                0x00000000000001b8       0x50 ./Core/Src/stm32f1xx_hal_msp.o
 .debug_aranges
                0x0000000000000208       0x80 ./Core/Src/stm32f1xx_it.o
 .debug_aranges
                0x0000000000000288       0x20 ./Core/Src/sysmem.o
 .debug_aranges
                0x00000000000002a8       0x28 ./Core/Src/system_stm32f1xx.o
 .debug_aranges
                0x00000000000002d0       0x70 ./Core/Src/traffic_light.o
 .debug_aranges
                0x0000000000000340       0x28 ./Core/Startup/startup_stm32f103rbtx.o
 .debug_aranges
                0x0000000000000368       0xe0 ./Drivers/STM32F1xx_HAL_Driver/Src/stm32f1xx_hal.o
 .debug_aranges
                0x0000000000000448      0x100 ./Drivers/STM32F1xx_HAL_Driver/Src/stm32f1xx_hal_cortex.o
 .debug_aranges
                0x0000000000000548       0x80 ./Drivers/STM32F1xx_HAL_Driver/Src/stm32f1xx_hal_dma.o
 .debug_aranges
                0x00000000000005c8       0x58 ./Drivers/STM32F1xx_HAL_Driver/Src/stm32f1xx_hal_gpio.o
 .debug_aranges
                0x0000000000000620      0x2a8 ./Drivers/STM32F1xx_HAL_Driver/Src/stm32f1xx_hal_i2c.o
 .debug_aranges
                0x00000000000008c8       0x90 ./Drivers/STM32F1xx_HAL_Driver/Src/stm32f1xx_hal_rcc.o
 .debug_aranges
                0x0000000000000958      0x3d0 ./Drivers/STM32F1xx_HAL_Driver/Src/stm32f1xx_hal_tim.o
 .debug_aranges
                0x0000000000000d28      0x168 ./Drivers/STM32F1xx_HAL_Driver/Src/stm32f1xx_hal_tim_ex.o
 .debug_aranges
                0x0000000000000e90      0x208 ./Drivers/STM32F1xx_HAL_Driver/Src/stm32f1xx_hal_uart.o

.debug_ranges   0x0000000000000000      0xf60
 .debug_ranges  0x0000000000000000       0x20 ./Core/Src/button.o
 .debug_ranges  0x0000000000000020       0x10 ./Core/Src/fsm_auto_mode.o
 .debug_ranges  0x0000000000000030       0x10 ./Core/Src/fsm_manual.o
 .debug_ranges  0x0000000000000040       0x10 ./Core/Src/fsm_modify.o
 .debug_ranges  0x0000000000000050       0x40 ./Core/Src/i2c-lcd.o
 .debug_ranges  0x0000000000000090       0x48 ./Core/Src/main.o
 .debug_ranges  0x00000000000000d8       0x30 ./Core/Src/scheduler.o
 .debug_ranges  0x0000000000000108       0x18 ./Core/Src/software_timer.o
 .debug_ranges  0x0000000000000120       0x40 ./Core/Src/stm32f1xx_hal_msp.o
 .debug_ranges  0x0000000000000160       0x70 ./Core/Src/stm32f1xx_it.o
 .debug_ranges  0x00000000000001d0       0x10 ./Core/Src/sysmem.o
 .debug_ranges  0x00000000000001e0       0x18 ./Core/Src/system_stm32f1xx.o
 .debug_ranges  0x00000000000001f8       0x60 ./Core/Src/traffic_light.o
 .debug_ranges  0x0000000000000258       0x20 ./Core/Startup/startup_stm32f103rbtx.o
 .debug_ranges  0x0000000000000278       0xd0 ./Drivers/STM32F1xx_HAL_Driver/Src/stm32f1xx_hal.o
 .debug_ranges  0x0000000000000348       0xf0 ./Drivers/STM32F1xx_HAL_Driver/Src/stm32f1xx_hal_cortex.o
 .debug_ranges  0x0000000000000438       0x70 ./Drivers/STM32F1xx_HAL_Driver/Src/stm32f1xx_hal_dma.o
 .debug_ranges  0x00000000000004a8       0x48 ./Drivers/STM32F1xx_HAL_Driver/Src/stm32f1xx_hal_gpio.o
 .debug_ranges  0x00000000000004f0      0x2b0 ./Drivers/STM32F1xx_HAL_Driver/Src/stm32f1xx_hal_i2c.o
 .debug_ranges  0x00000000000007a0       0x80 ./Drivers/STM32F1xx_HAL_Driver/Src/stm32f1xx_hal_rcc.o
 .debug_ranges  0x0000000000000820      0x3c0 ./Drivers/STM32F1xx_HAL_Driver/Src/stm32f1xx_hal_tim.o
 .debug_ranges  0x0000000000000be0      0x158 ./Drivers/STM32F1xx_HAL_Driver/Src/stm32f1xx_hal_tim_ex.o
 .debug_ranges  0x0000000000000d38      0x228 ./Drivers/STM32F1xx_HAL_Driver/Src/stm32f1xx_hal_uart.o

.debug_macro    0x0000000000000000     0x3daf
 .debug_macro   0x0000000000000000      0x227 ./Core/Src/button.o
 .debug_macro   0x0000000000000227       0x16 ./Core/Src/button.o
 .debug_macro   0x000000000000023d      0x221 ./Core/Src/fsm_auto_mode.o
 .debug_macro   0x000000000000045e      0x221 ./Core/Src/fsm_manual.o
 .debug_macro   0x000000000000067f      0x221 ./Core/Src/fsm_modify.o
 .debug_macro   0x00000000000008a0      0x21d ./Core/Src/global.o
 .debug_macro   0x0000000000000abd      0x316 ./Core/Src/i2c-lcd.o
 .debug_macro   0x0000000000000dd3       0x52 ./Core/Src/i2c-lcd.o
 .debug_macro   0x0000000000000e25       0x18 ./Core/Src/i2c-lcd.o
 .debug_macro   0x0000000000000e3d       0x3c ./Core/Src/i2c-lcd.o
 .debug_macro   0x0000000000000e79       0x34 ./Core/Src/i2c-lcd.o
 .debug_macro   0x0000000000000ead       0x16 ./Core/Src/i2c-lcd.o
 .debug_macro   0x0000000000000ec3       0x35 ./Core/Src/i2c-lcd.o
 .debug_macro   0x0000000000000ef8      0x333 ./Core/Src/i2c-lcd.o
 .debug_macro   0x000000000000122b       0x10 ./Core/Src/i2c-lcd.o
 .debug_macro   0x000000000000123b       0x16 ./Core/Src/i2c-lcd.o
 .debug_macro   0x0000000000001251       0x43 ./Core/Src/i2c-lcd.o
 .debug_macro   0x0000000000001294       0x34 ./Core/Src/i2c-lcd.o
 .debug_macro   0x00000000000012c8       0x10 ./Core/Src/i2c-lcd.o
 .debug_macro   0x00000000000012d8       0x58 ./Core/Src/i2c-lcd.o
 .debug_macro   0x0000000000001330       0x71 ./Core/Src/i2c-lcd.o
 .debug_macro   0x00000000000013a1       0x1c ./Core/Src/i2c-lcd.o
 .debug_macro   0x00000000000013bd      0x12a ./Core/Src/i2c-lcd.o
 .debug_macro   0x00000000000014e7       0x10 ./Core/Src/i2c-lcd.o
 .debug_macro   0x00000000000014f7       0x1c ./Core/Src/i2c-lcd.o
 .debug_macro   0x0000000000001513       0x52 ./Core/Src/i2c-lcd.o
 .debug_macro   0x0000000000001565       0x22 ./Core/Src/i2c-lcd.o
 .debug_macro   0x0000000000001587       0x10 ./Core/Src/i2c-lcd.o
 .debug_macro   0x0000000000001597       0x40 ./Core/Src/i2c-lcd.o
 .debug_macro   0x00000000000015d7       0xd5 ./Core/Src/i2c-lcd.o
 .debug_macro   0x00000000000016ac       0x1c ./Core/Src/i2c-lcd.o
 .debug_macro   0x00000000000016c8       0x3d ./Core/Src/i2c-lcd.o
 .debug_macro   0x0000000000001705       0x16 ./Core/Src/i2c-lcd.o
 .debug_macro   0x000000000000171b      0x145 ./Core/Src/i2c-lcd.o
 .debug_macro   0x0000000000001860      0x221 ./Core/Src/main.o
 .debug_macro   0x0000000000001a81      0x144 ./Core/Src/scheduler.o
 .debug_macro   0x0000000000001bc5       0x16 ./Core/Src/scheduler.o
 .debug_macro   0x0000000000001bdb      0x10e ./Core/Src/scheduler.o
 .debug_macro   0x0000000000001ce9       0x8d ./Core/Src/scheduler.o
 .debug_macro   0x0000000000001d76      0x339 ./Core/Src/scheduler.o
 .debug_macro   0x00000000000020af       0x16 ./Core/Src/scheduler.o
 .debug_macro   0x00000000000020c5       0x29 ./Core/Src/scheduler.o
 .debug_macro   0x00000000000020ee      0x22d ./Core/Src/software_timer.o
 .debug_macro   0x000000000000231b      0x1bc ./Core/Src/stm32f1xx_hal_msp.o
 .debug_macro   0x00000000000024d7      0x1c6 ./Core/Src/stm32f1xx_it.o
 .debug_macro   0x000000000000269d       0xff ./Core/Src/sysmem.o
 .debug_macro   0x000000000000279c      0x23b ./Core/Src/sysmem.o
 .debug_macro   0x00000000000029d7      0x1ad ./Core/Src/system_stm32f1xx.o
 .debug_macro   0x0000000000002b84      0x225 ./Core/Src/traffic_light.o
 .debug_macro   0x0000000000002da9      0x1d1 ./Drivers/STM32F1xx_HAL_Driver/Src/stm32f1xx_hal.o
 .debug_macro   0x0000000000002f7a      0x1ad ./Drivers/STM32F1xx_HAL_Driver/Src/stm32f1xx_hal_cortex.o
 .debug_macro   0x0000000000003127      0x1ad ./Drivers/STM32F1xx_HAL_Driver/Src/stm32f1xx_hal_dma.o
 .debug_macro   0x00000000000032d4      0x218 ./Drivers/STM32F1xx_HAL_Driver/Src/stm32f1xx_hal_gpio.o
 .debug_macro   0x00000000000034ec      0x1fb ./Drivers/STM32F1xx_HAL_Driver/Src/stm32f1xx_hal_i2c.o
 .debug_macro   0x00000000000036e7      0x1bf ./Drivers/STM32F1xx_HAL_Driver/Src/stm32f1xx_hal_rcc.o
 .debug_macro   0x00000000000038a6      0x1ae ./Drivers/STM32F1xx_HAL_Driver/Src/stm32f1xx_hal_tim.o
 .debug_macro   0x0000000000003a54      0x1ad ./Drivers/STM32F1xx_HAL_Driver/Src/stm32f1xx_hal_tim_ex.o
 .debug_macro   0x0000000000003c01      0x1ae ./Drivers/STM32F1xx_HAL_Driver/Src/stm32f1xx_hal_uart.o

.debug_line     0x0000000000000000    0x156ac
 .debug_line    0x0000000000000000      0x7e1 ./Core/Src/button.o
 .debug_line    0x00000000000007e1      0x971 ./Core/Src/fsm_auto_mode.o
 .debug_line    0x0000000000001152      0x7ce ./Core/Src/fsm_manual.o
 .debug_line    0x0000000000001920      0x86a ./Core/Src/fsm_modify.o
 .debug_line    0x000000000000218a      0x70a ./Core/Src/global.o
 .debug_line    0x0000000000002894      0x966 ./Core/Src/i2c-lcd.o
 .debug_line    0x00000000000031fa      0x8e7 ./Core/Src/main.o
 .debug_line    0x0000000000003ae1      0x6d5 ./Core/Src/scheduler.o
 .debug_line    0x00000000000041b6      0x774 ./Core/Src/software_timer.o
 .debug_line    0x000000000000492a      0x776 ./Core/Src/stm32f1xx_hal_msp.o
 .debug_line    0x00000000000050a0      0x7c2 ./Core/Src/stm32f1xx_it.o
 .debug_line    0x0000000000005862      0x507 ./Core/Src/sysmem.o
 .debug_line    0x0000000000005d69      0x71e ./Core/Src/system_stm32f1xx.o
 .debug_line    0x0000000000006487      0x8d9 ./Core/Src/traffic_light.o
 .debug_line    0x0000000000006d60       0x86 ./Core/Startup/startup_stm32f103rbtx.o
 .debug_line    0x0000000000006de6      0x94b ./Drivers/STM32F1xx_HAL_Driver/Src/stm32f1xx_hal.o
 .debug_line    0x0000000000007731      0xb33 ./Drivers/STM32F1xx_HAL_Driver/Src/stm32f1xx_hal_cortex.o
 .debug_line    0x0000000000008264      0xda4 ./Drivers/STM32F1xx_HAL_Driver/Src/stm32f1xx_hal_dma.o
 .debug_line    0x0000000000009008      0x9e4 ./Drivers/STM32F1xx_HAL_Driver/Src/stm32f1xx_hal_gpio.o
 .debug_line    0x00000000000099ec     0x3ae1 ./Drivers/STM32F1xx_HAL_Driver/Src/stm32f1xx_hal_i2c.o
 .debug_line    0x000000000000d4cd      0xd57 ./Drivers/STM32F1xx_HAL_Driver/Src/stm32f1xx_hal_rcc.o
 .debug_line    0x000000000000e224     0x33e5 ./Drivers/STM32F1xx_HAL_Driver/Src/stm32f1xx_hal_tim.o
 .debug_line    0x0000000000011609     0x1891 ./Drivers/STM32F1xx_HAL_Driver/Src/stm32f1xx_hal_tim_ex.o
 .debug_line    0x0000000000012e9a     0x2812 ./Drivers/STM32F1xx_HAL_Driver/Src/stm32f1xx_hal_uart.o

.debug_str      0x0000000000000000    0x8dd4a
 .debug_str     0x0000000000000000    0x8520e ./Core/Src/button.o
                                      0x8557d (size before relaxing)
 .debug_str     0x000000000008520e       0x78 ./Core/Src/fsm_auto_mode.o
                                      0x8553a (size before relaxing)
 .debug_str     0x0000000000085286       0x28 ./Core/Src/fsm_manual.o
                                      0x854ea (size before relaxing)
 .debug_str     0x00000000000852ae       0x30 ./Core/Src/fsm_modify.o
                                      0x8553c (size before relaxing)
 .debug_str     0x00000000000852de       0x15 ./Core/Src/global.o
                                      0x854ac (size before relaxing)
 .debug_str     0x00000000000852f3     0x44d0 ./Core/Src/i2c-lcd.o
                                      0x89583 (size before relaxing)
 .debug_str     0x00000000000897c3      0x99b ./Core/Src/main.o
                                      0x863de (size before relaxing)
 .debug_str     0x000000000008a15e      0x1aa ./Core/Src/scheduler.o
                                       0x732e (size before relaxing)
 .debug_str     0x000000000008a308       0x38 ./Core/Src/software_timer.o
                                      0x854d5 (size before relaxing)
 .debug_str     0x000000000008a340       0xe1 ./Core/Src/stm32f1xx_hal_msp.o
                                      0x86053 (size before relaxing)
 .debug_str     0x000000000008a421      0x108 ./Core/Src/stm32f1xx_it.o
                                      0x85b39 (size before relaxing)
 .debug_str     0x000000000008a529      0x4e9 ./Core/Src/sysmem.o
                                       0x6241 (size before relaxing)
 .debug_str     0x000000000008aa12       0x52 ./Core/Src/system_stm32f1xx.o
                                      0x8501f (size before relaxing)
 .debug_str     0x000000000008aa64       0xb9 ./Core/Src/traffic_light.o
                                      0x855d8 (size before relaxing)
 .debug_str     0x000000000008ab1d       0x36 ./Core/Startup/startup_stm32f103rbtx.o
                                         0x55 (size before relaxing)
 .debug_str     0x000000000008ab53      0x304 ./Drivers/STM32F1xx_HAL_Driver/Src/stm32f1xx_hal.o
                                      0x856b0 (size before relaxing)
 .debug_str     0x000000000008ae57      0x300 ./Drivers/STM32F1xx_HAL_Driver/Src/stm32f1xx_hal_cortex.o
                                      0x856b8 (size before relaxing)
 .debug_str     0x000000000008b157      0x235 ./Drivers/STM32F1xx_HAL_Driver/Src/stm32f1xx_hal_dma.o
                                      0x853fa (size before relaxing)
 .debug_str     0x000000000008b38c      0x316 ./Drivers/STM32F1xx_HAL_Driver/Src/stm32f1xx_hal_gpio.o
                                      0x853e3 (size before relaxing)
 .debug_str     0x000000000008b6a2      0xb9a ./Drivers/STM32F1xx_HAL_Driver/Src/stm32f1xx_hal_i2c.o
                                      0x860ae (size before relaxing)
 .debug_str     0x000000000008c23c      0x244 ./Drivers/STM32F1xx_HAL_Driver/Src/stm32f1xx_hal_rcc.o
                                      0x8541c (size before relaxing)
 .debug_str     0x000000000008c480      0xdcd ./Drivers/STM32F1xx_HAL_Driver/Src/stm32f1xx_hal_tim.o
                                      0x86405 (size before relaxing)
 .debug_str     0x000000000008d24d      0x4ee ./Drivers/STM32F1xx_HAL_Driver/Src/stm32f1xx_hal_tim_ex.o
                                      0x85ba6 (size before relaxing)
 .debug_str     0x000000000008d73b      0x60f ./Drivers/STM32F1xx_HAL_Driver/Src/stm32f1xx_hal_uart.o
                                      0x85a74 (size before relaxing)

.comment        0x0000000000000000       0x53
 .comment       0x0000000000000000       0x53 ./Core/Src/button.o
                                         0x54 (size before relaxing)
 .comment       0x0000000000000053       0x54 ./Core/Src/fsm_auto_mode.o
 .comment       0x0000000000000053       0x54 ./Core/Src/fsm_manual.o
 .comment       0x0000000000000053       0x54 ./Core/Src/fsm_modify.o
 .comment       0x0000000000000053       0x54 ./Core/Src/global.o
 .comment       0x0000000000000053       0x54 ./Core/Src/i2c-lcd.o
 .comment       0x0000000000000053       0x54 ./Core/Src/main.o
 .comment       0x0000000000000053       0x54 ./Core/Src/scheduler.o
 .comment       0x0000000000000053       0x54 ./Core/Src/software_timer.o
 .comment       0x0000000000000053       0x54 ./Core/Src/stm32f1xx_hal_msp.o
 .comment       0x0000000000000053       0x54 ./Core/Src/stm32f1xx_it.o
 .comment       0x0000000000000053       0x54 ./Core/Src/sysmem.o
 .comment       0x0000000000000053       0x54 ./Core/Src/system_stm32f1xx.o
 .comment       0x0000000000000053       0x54 ./Core/Src/traffic_light.o
 .comment       0x0000000000000053       0x54 ./Drivers/STM32F1xx_HAL_Driver/Src/stm32f1xx_hal.o
 .comment       0x0000000000000053       0x54 ./Drivers/STM32F1xx_HAL_Driver/Src/stm32f1xx_hal_cortex.o
 .comment       0x0000000000000053       0x54 ./Drivers/STM32F1xx_HAL_Driver/Src/stm32f1xx_hal_dma.o
 .comment       0x0000000000000053       0x54 ./Drivers/STM32F1xx_HAL_Driver/Src/stm32f1xx_hal_gpio.o
 .comment       0x0000000000000053       0x54 ./Drivers/STM32F1xx_HAL_Driver/Src/stm32f1xx_hal_i2c.o
 .comment       0x0000000000000053       0x54 ./Drivers/STM32F1xx_HAL_Driver/Src/stm32f1xx_hal_rcc.o
 .comment       0x0000000000000053       0x54 ./Drivers/STM32F1xx_HAL_Driver/Src/stm32f1xx_hal_tim.o
 .comment       0x0000000000000053       0x54 ./Drivers/STM32F1xx_HAL_Driver/Src/stm32f1xx_hal_tim_ex.o
 .comment       0x0000000000000053       0x54 ./Drivers/STM32F1xx_HAL_Driver/Src/stm32f1xx_hal_uart.o

.debug_frame    0x0000000000000000     0x4794
 .debug_frame   0x0000000000000000       0x84 ./Core/Src/button.o
 .debug_frame   0x0000000000000084       0x2c ./Core/Src/fsm_auto_mode.o
 .debug_frame   0x00000000000000b0       0x2c ./Core/Src/fsm_manual.o
 .debug_frame   0x00000000000000dc       0x2c ./Core/Src/fsm_modify.o
 .debug_frame   0x0000000000000108       0xfc ./Core/Src/i2c-lcd.o
 .debug_frame   0x0000000000000204      0x10c ./Core/Src/main.o
 .debug_frame   0x0000000000000310       0xd0 ./Core/Src/scheduler.o
 .debug_frame   0x00000000000003e0       0x60 ./Core/Src/software_timer.o
 .debug_frame   0x0000000000000440      0x110 ./Core/Src/stm32f1xx_hal_msp.o
 .debug_frame   0x0000000000000550      0x174 ./Core/Src/stm32f1xx_it.o
 .debug_frame   0x00000000000006c4       0x34 ./Core/Src/sysmem.o
 .debug_frame   0x00000000000006f8       0x58 ./Core/Src/system_stm32f1xx.o
 .debug_frame   0x0000000000000750      0x148 ./Core/Src/traffic_light.o
 .debug_frame   0x0000000000000898      0x334 ./Drivers/STM32F1xx_HAL_Driver/Src/stm32f1xx_hal.o
 .debug_frame   0x0000000000000bcc      0x428 ./Drivers/STM32F1xx_HAL_Driver/Src/stm32f1xx_hal_cortex.o
 .debug_frame   0x0000000000000ff4      0x208 ./Drivers/STM32F1xx_HAL_Driver/Src/stm32f1xx_hal_dma.o
 .debug_frame   0x00000000000011fc      0x14c ./Drivers/STM32F1xx_HAL_Driver/Src/stm32f1xx_hal_gpio.o
 .debug_frame   0x0000000000001348      0xc84 ./Drivers/STM32F1xx_HAL_Driver/Src/stm32f1xx_hal_i2c.o
 .debug_frame   0x0000000000001fcc      0x218 ./Drivers/STM32F1xx_HAL_Driver/Src/stm32f1xx_hal_rcc.o
 .debug_frame   0x00000000000021e4     0x11b8 ./Drivers/STM32F1xx_HAL_Driver/Src/stm32f1xx_hal_tim.o
 .debug_frame   0x000000000000339c      0x638 ./Drivers/STM32F1xx_HAL_Driver/Src/stm32f1xx_hal_tim_ex.o
 .debug_frame   0x00000000000039d4      0x944 ./Drivers/STM32F1xx_HAL_Driver/Src/stm32f1xx_hal_uart.o
 .debug_frame   0x0000000000004318       0x20 e:/stm32/stm32cubeide_1.7.0/stm32cubeide/plugins/com.st.stm32cube.ide.mcu.externaltools.gnu-tools-for-stm32.9-2020-q2-update.win32_2.0.0.202105311346/tools/bin/../lib/gcc/arm-none-eabi/9.3.1/../../../../arm-none-eabi/lib/thumb/v7-m/nofp\libc_nano.a(lib_a-errno.o)
 .debug_frame   0x0000000000004338       0x2c e:/stm32/stm32cubeide_1.7.0/stm32cubeide/plugins/com.st.stm32cube.ide.mcu.externaltools.gnu-tools-for-stm32.9-2020-q2-update.win32_2.0.0.202105311346/tools/bin/../lib/gcc/arm-none-eabi/9.3.1/../../../../arm-none-eabi/lib/thumb/v7-m/nofp\libc_nano.a(lib_a-init.o)
 .debug_frame   0x0000000000004364       0x20 e:/stm32/stm32cubeide_1.7.0/stm32cubeide/plugins/com.st.stm32cube.ide.mcu.externaltools.gnu-tools-for-stm32.9-2020-q2-update.win32_2.0.0.202105311346/tools/bin/../lib/gcc/arm-none-eabi/9.3.1/../../../../arm-none-eabi/lib/thumb/v7-m/nofp\libc_nano.a(lib_a-memset.o)
 .debug_frame   0x0000000000004384       0x7c e:/stm32/stm32cubeide_1.7.0/stm32cubeide/plugins/com.st.stm32cube.ide.mcu.externaltools.gnu-tools-for-stm32.9-2020-q2-update.win32_2.0.0.202105311346/tools/bin/../lib/gcc/arm-none-eabi/9.3.1/../../../../arm-none-eabi/lib/thumb/v7-m/nofp\libc_nano.a(lib_a-snprintf.o)
 .debug_frame   0x0000000000004400       0x90 e:/stm32/stm32cubeide_1.7.0/stm32cubeide/plugins/com.st.stm32cube.ide.mcu.externaltools.gnu-tools-for-stm32.9-2020-q2-update.win32_2.0.0.202105311346/tools/bin/../lib/gcc/arm-none-eabi/9.3.1/../../../../arm-none-eabi/lib/thumb/v7-m/nofp\libc_nano.a(lib_a-nano-svfprintf.o)
 .debug_frame   0x0000000000004490       0x60 e:/stm32/stm32cubeide_1.7.0/stm32cubeide/plugins/com.st.stm32cube.ide.mcu.externaltools.gnu-tools-for-stm32.9-2020-q2-update.win32_2.0.0.202105311346/tools/bin/../lib/gcc/arm-none-eabi/9.3.1/../../../../arm-none-eabi/lib/thumb/v7-m/nofp\libc_nano.a(lib_a-nano-vfprintf_i.o)
 .debug_frame   0x00000000000044f0       0x28 e:/stm32/stm32cubeide_1.7.0/stm32cubeide/plugins/com.st.stm32cube.ide.mcu.externaltools.gnu-tools-for-stm32.9-2020-q2-update.win32_2.0.0.202105311346/tools/bin/../lib/gcc/arm-none-eabi/9.3.1/../../../../arm-none-eabi/lib/thumb/v7-m/nofp\libc_nano.a(lib_a-memchr-stub.o)
 .debug_frame   0x0000000000004518       0x28 e:/stm32/stm32cubeide_1.7.0/stm32cubeide/plugins/com.st.stm32cube.ide.mcu.externaltools.gnu-tools-for-stm32.9-2020-q2-update.win32_2.0.0.202105311346/tools/bin/../lib/gcc/arm-none-eabi/9.3.1/../../../../arm-none-eabi/lib/thumb/v7-m/nofp\libc_nano.a(lib_a-memcpy-stub.o)
 .debug_frame   0x0000000000004540       0x28 e:/stm32/stm32cubeide_1.7.0/stm32cubeide/plugins/com.st.stm32cube.ide.mcu.externaltools.gnu-tools-for-stm32.9-2020-q2-update.win32_2.0.0.202105311346/tools/bin/../lib/gcc/arm-none-eabi/9.3.1/../../../../arm-none-eabi/lib/thumb/v7-m/nofp\libc_nano.a(lib_a-memmove.o)
 .debug_frame   0x0000000000004568       0x38 e:/stm32/stm32cubeide_1.7.0/stm32cubeide/plugins/com.st.stm32cube.ide.mcu.externaltools.gnu-tools-for-stm32.9-2020-q2-update.win32_2.0.0.202105311346/tools/bin/../lib/gcc/arm-none-eabi/9.3.1/../../../../arm-none-eabi/lib/thumb/v7-m/nofp\libc_nano.a(lib_a-nano-freer.o)
 .debug_frame   0x00000000000045a0       0x30 e:/stm32/stm32cubeide_1.7.0/stm32cubeide/plugins/com.st.stm32cube.ide.mcu.externaltools.gnu-tools-for-stm32.9-2020-q2-update.win32_2.0.0.202105311346/tools/bin/../lib/gcc/arm-none-eabi/9.3.1/../../../../arm-none-eabi/lib/thumb/v7-m/nofp\libc_nano.a(lib_a-nano-mallocr.o)
 .debug_frame   0x00000000000045d0       0x3c e:/stm32/stm32cubeide_1.7.0/stm32cubeide/plugins/com.st.stm32cube.ide.mcu.externaltools.gnu-tools-for-stm32.9-2020-q2-update.win32_2.0.0.202105311346/tools/bin/../lib/gcc/arm-none-eabi/9.3.1/../../../../arm-none-eabi/lib/thumb/v7-m/nofp\libc_nano.a(lib_a-nano-reallocr.o)
 .debug_frame   0x000000000000460c       0x2c e:/stm32/stm32cubeide_1.7.0/stm32cubeide/plugins/com.st.stm32cube.ide.mcu.externaltools.gnu-tools-for-stm32.9-2020-q2-update.win32_2.0.0.202105311346/tools/bin/../lib/gcc/arm-none-eabi/9.3.1/../../../../arm-none-eabi/lib/thumb/v7-m/nofp\libc_nano.a(lib_a-sbrkr.o)
 .debug_frame   0x0000000000004638       0x30 e:/stm32/stm32cubeide_1.7.0/stm32cubeide/plugins/com.st.stm32cube.ide.mcu.externaltools.gnu-tools-for-stm32.9-2020-q2-update.win32_2.0.0.202105311346/tools/bin/../lib/gcc/arm-none-eabi/9.3.1/../../../../arm-none-eabi/lib/thumb/v7-m/nofp\libc_nano.a(lib_a-mlock.o)
 .debug_frame   0x0000000000004668       0x20 e:/stm32/stm32cubeide_1.7.0/stm32cubeide/plugins/com.st.stm32cube.ide.mcu.externaltools.gnu-tools-for-stm32.9-2020-q2-update.win32_2.0.0.202105311346/tools/bin/../lib/gcc/arm-none-eabi/9.3.1/../../../../arm-none-eabi/lib/thumb/v7-m/nofp\libc_nano.a(lib_a-nano-msizer.o)
 .debug_frame   0x0000000000004688       0x5c e:/stm32/stm32cubeide_1.7.0/stm32cubeide/plugins/com.st.stm32cube.ide.mcu.externaltools.gnu-tools-for-stm32.9-2020-q2-update.win32_2.0.0.202105311346/tools/bin/../lib/gcc/arm-none-eabi/9.3.1/../../../../arm-none-eabi/lib/thumb/v7-m/nofp\libc_nano.a(lib_a-reent.o)
 .debug_frame   0x00000000000046e4       0xb0 e:/stm32/stm32cubeide_1.7.0/stm32cubeide/plugins/com.st.stm32cube.ide.mcu.externaltools.gnu-tools-for-stm32.9-2020-q2-update.win32_2.0.0.202105311346/tools/bin/../lib/gcc/arm-none-eabi/9.3.1/../../../../arm-none-eabi/lib/thumb/v7-m/nofp\libc_nano.a(lib_a-lock.o)