traffic_light.c:37:6:init	4	static
traffic_light.c:50:6:auto_green_red	8	static
traffic_light.c:75:6:auto_amber_red	8	static
traffic_light.c:101:6:auto_red_green	8	static
traffic_light.c:127:6:auto_red_amber	8	static
traffic_light.c:155:6:modify_red_led	8	static
traffic_light.c:177:6:modify_green_led	8	static
traffic_light.c:198:6:modify_amber_led	8	static
traffic_light.c:218:6:clear_all_led	8	static
traffic_light.c:231:6:manual_green_red	8	static
traffic_light.c:250:6:manual_red_green	8	static
